
> backend@1.0.0 test
> jest

node.exe : FAIL src/services/__tests__/emailVerificationService.test.ts
At line:1 char:1
+ & "C:\nvm4w\nodejs/node.exe" "C:\nvm4w\nodejs/node_modules/npm/bin/np ...
+ ~~~~~~~~~~~~~~~~~~~~~~~~~~~~~~~~~~~~~~~~~~~~~~~~~~~~~~~~~~~~~~~~~~~~~
    + CategoryInfo          : NotSpecified: (FAIL src/servic...Service.test.ts 
   :String) [], RemoteException
    + FullyQualifiedErrorId : NativeCommandError
 
  ΓùÅ Email Verification Service - Backend ΓÇ║ createVerificationToken ΓÇ║ 
should create token in database with 24-hour expiry

    TypeError: Cannot read properties of undefined (reading 'create')

    [0m [90m 63 |[39m       [36mconst[39m mockExpiresAt [33m=[39m 
[36mnew[39m [33mDate[39m()[33m;[39m
     [90m 64 |[39m
    [31m[1m>[22m[39m[90m 65 |[39m       
(prisma[33m.[39memailVerificationToken[33m.[39mcreate [36mas[39m 
any)[33m.[39mmockResolvedValueOnce({
     [90m    |[39m                                      [31m[1m^[22m[39m
     [90m 66 |[39m         token[33m:[39m mockToken[33m,[39m
     [90m 67 |[39m         userId[33m,[39m
     [90m 68 |[39m         expiresAt[33m:[39m mockExpiresAt[33m,[39m[0m

      at Object.<anonymous> 
(src/services/__tests__/emailVerificationService.test.ts:65:38)

  ΓùÅ Email Verification Service - Backend ΓÇ║ createVerificationToken ΓÇ║ 
should throw error on database failure

    TypeError: Cannot read properties of undefined (reading 'create')

    [0m [90m 78 |[39m       [36mconst[39m userId [33m=[39m 
[35m1[39m[33m;[39m
     [90m 79 |[39m
    [31m[1m>[22m[39m[90m 80 |[39m       
(prisma[33m.[39memailVerificationToken[33m.[39mcreate [36mas[39m 
any)[33m.[39mmockRejectedValueOnce([36mnew[39m [33mError[39m([32m'DB 
error'[39m))[33m;[39m
     [90m    |[39m                                      [31m[1m^[22m[39m
     [90m 81 |[39m
     [90m 82 |[39m       [36mawait[39m expect(createVerificationToken(userI
d))[33m.[39mrejects[33m.[39mtoThrow()[33m;[39m
     [90m 83 |[39m     })[33m;[39m[0m

      at Object.<anonymous> 
(src/services/__tests__/emailVerificationService.test.ts:80:38)

  ΓùÅ Email Verification Service - Backend ΓÇ║ verifyEmail ΓÇ║ should verify 
email and mark user as verified

    TypeError: Cannot read properties of undefined (reading 'findUnique')

    [0m [90m 110 |[39m       }[33m;[39m
     [90m 111 |[39m
    [31m[1m>[22m[39m[90m 112 |[39m       
(prisma[33m.[39memailVerificationToken[33m.[39mfindUnique [36mas[39m 
any)[33m.[39mmockResolvedValueOnce(mockTokenRecord)[33m;[39m
     [90m     |[39m                                      [31m[1m^[22m[39m
     [90m 113 |[39m
     [90m 114 |[39m       (prisma[33m.[39m$transaction [36mas[39m 
any)[33m.[39mmockResolvedValueOnce(mockVerifiedUser)[33m;[39m
     [90m 115 |[39m[0m

      at Object.<anonymous> 
(src/services/__tests__/emailVerificationService.test.ts:112:38)

  ΓùÅ Email Verification Service - Backend ΓÇ║ verifyEmail ΓÇ║ should throw 
error for invalid token

    TypeError: Cannot read properties of undefined (reading 'findUnique')

    [0m [90m 123 |[39m       [36mconst[39m mockToken [33m=[39m 
[32m'vrf_invalid'[39m[33m;[39m
     [90m 124 |[39m
    [31m[1m>[22m[39m[90m 125 |[39m       
(prisma[33m.[39memailVerificationToken[33m.[39mfindUnique [36mas[39m 
any)[33m.[39mmockResolvedValueOnce([36mnull[39m)[33m;[39m
     [90m     |[39m                                      [31m[1m^[22m[39m
     [90m 126 |[39m
     [90m 127 |[39m       [36mawait[39m expect(verifyEmail(mockToken))[33m
.[39mrejects[33m.[39mtoThrow([32m'Invalid or expired verification 
token'[39m)[33m;[39m
     [90m 128 |[39m     })[33m;[39m[0m

      at Object.<anonymous> 
(src/services/__tests__/emailVerificationService.test.ts:125:38)

  ΓùÅ Email Verification Service - Backend ΓÇ║ verifyEmail ΓÇ║ should throw 
error for already used token

    TypeError: Cannot read properties of undefined (reading 'findUnique')

    [0m [90m 140 |[39m       }[33m;[39m
     [90m 141 |[39m
    [31m[1m>[22m[39m[90m 142 |[39m       
(prisma[33m.[39memailVerificationToken[33m.[39mfindUnique [36mas[39m 
any)[33m.[39mmockResolvedValueOnce(mockTokenRecord)[33m;[39m
     [90m     |[39m                                      [31m[1m^[22m[39m
     [90m 143 |[39m
     [90m 144 |[39m       [36mawait[39m expect(verifyEmail(mockToken))[33m
.[39mrejects[33m.[39mtoThrow([32m'Invalid or expired verification 
token'[39m)[33m;[39m
     [90m 145 |[39m     })[33m;[39m[0m

      at Object.<anonymous> 
(src/services/__tests__/emailVerificationService.test.ts:142:38)

  ΓùÅ Email Verification Service - Backend ΓÇ║ verifyEmail ΓÇ║ should throw 
error for expired token

    TypeError: Cannot read properties of undefined (reading 'findUnique')

    [0m [90m 156 |[39m       }[33m;[39m
     [90m 157 |[39m
    [31m[1m>[22m[39m[90m 158 |[39m       
(prisma[33m.[39memailVerificationToken[33m.[39mfindUnique [36mas[39m 
any)[33m.[39mmockResolvedValueOnce(mockTokenRecord)[33m;[39m
     [90m     |[39m                                      [31m[1m^[22m[39m
     [90m 159 |[39m
     [90m 160 |[39m       [36mawait[39m expect(verifyEmail(mockToken))[33m
.[39mrejects[33m.[39mtoThrow([32m'Invalid or expired verification 
token'[39m)[33m;[39m
     [90m 161 |[39m     })[33m;[39m[0m

      at Object.<anonymous> 
(src/services/__tests__/emailVerificationService.test.ts:158:38)

  ΓùÅ Email Verification Service - Backend ΓÇ║ resendVerificationEmail ΓÇ║ 
should resend email for unverified user

    TypeError: Cannot read properties of undefined (reading 'findUnique')

    [0m [90m 171 |[39m       }[33m;[39m
     [90m 172 |[39m
    [31m[1m>[22m[39m[90m 173 |[39m       
(prisma[33m.[39muser[33m.[39mfindUnique [36mas[39m 
any)[33m.[39mmockResolvedValueOnce(mockUser)[33m;[39m
     [90m     |[39m                    [31m[1m^[22m[39m
     [90m 174 |[39m       
(prisma[33m.[39memailVerificationToken[33m.[39mdeleteMany [36mas[39m 
any)[33m.[39mmockResolvedValueOnce({ count[33m:[39m [35m1[39m 
})[33m;[39m
     [90m 175 |[39m
     [90m 176 |[39m       [36mawait[39m 
resendVerificationEmail(mockEmail)[33m;[39m[0m

      at Object.<anonymous> 
(src/services/__tests__/emailVerificationService.test.ts:173:20)

  ΓùÅ Email Verification Service - Backend ΓÇ║ resendVerificationEmail ΓÇ║ 
should silently fail for non-existent email

    TypeError: Cannot read properties of undefined (reading 'findUnique')

    [0m [90m 183 |[39m       [36mconst[39m mockEmail [33m=[39m 
[32m'nonexistent@example.com'[39m[33m;[39m
     [90m 184 |[39m
    [31m[1m>[22m[39m[90m 185 |[39m       
(prisma[33m.[39muser[33m.[39mfindUnique [36mas[39m 
any)[33m.[39mmockResolvedValueOnce([36mnull[39m)[33m;[39m
     [90m     |[39m                    [31m[1m^[22m[39m
     [90m 186 |[39m
     [90m 187 |[39m       [90m// Should not throw[39m
     [90m 188 |[39m       [36mawait[39m expect(resendVerificationEmail(mock
Email))[33m.[39mresolves[33m.[39mtoBeUndefined()[33m;[39m[0m

      at Object.<anonymous> 
(src/services/__tests__/emailVerificationService.test.ts:185:20)

  ΓùÅ Email Verification Service - Backend ΓÇ║ resendVerificationEmail ΓÇ║ 
should silently fail for already verified email

    TypeError: Cannot read properties of undefined (reading 'findUnique')

    [0m [90m 197 |[39m       }[33m;[39m
     [90m 198 |[39m
    [31m[1m>[22m[39m[90m 199 |[39m       
(prisma[33m.[39muser[33m.[39mfindUnique [36mas[39m 
any)[33m.[39mmockResolvedValueOnce(mockUser)[33m;[39m
     [90m     |[39m                    [31m[1m^[22m[39m
     [90m 200 |[39m
     [90m 201 |[39m       [90m// Should not throw[39m
     [90m 202 |[39m       [36mawait[39m expect(resendVerificationEmail(mock
Email))[33m.[39mresolves[33m.[39mtoBeUndefined()[33m;[39m[0m

      at Object.<anonymous> 
(src/services/__tests__/emailVerificationService.test.ts:199:20)

FAIL src/services/__tests__/expenseService.test.ts (5.482 s)
  ΓùÅ ExpenseService ΓÇ║ createExpense ΓÇ║ should calculate equal split 
amounts correctly (120 ├╖ 3 = 40 each, includes payer)

    Category not found

    [0m [90m 181 |[39m
     [90m 182 |[39m     [36mif[39m ([33m![39mcategoryRecord) {
    [31m[1m>[22m[39m[90m 183 |[39m       [36mthrow[39m [36mnew[39m 
[33mAppError[39m(
     [90m     |[39m             [31m[1m^[22m[39m
     [90m 184 |[39m         [32m'Category not found'[39m[33m,[39m
     [90m 185 |[39m         [35m404[39m[33m,[39m
     [90m 186 |[39m         [32m'CATEGORY_NOT_FOUND'[39m[33m,[39m[0m

      at Object.createExpense (src/services/expenseService.ts:183:13)
      at Object.<anonymous> 
(src/services/__tests__/expenseService.test.ts:80:7)

  ΓùÅ ExpenseService ΓÇ║ createExpense ΓÇ║ should calculate equal split for 3 
people (90 ├╖ 4 = 22.5 each, includes payer)

    Category not found

    [0m [90m 181 |[39m
     [90m 182 |[39m     [36mif[39m ([33m![39mcategoryRecord) {
    [31m[1m>[22m[39m[90m 183 |[39m       [36mthrow[39m [36mnew[39m 
[33mAppError[39m(
     [90m     |[39m             [31m[1m^[22m[39m
     [90m 184 |[39m         [32m'Category not found'[39m[33m,[39m
     [90m 185 |[39m         [35m404[39m[33m,[39m
     [90m 186 |[39m         [32m'CATEGORY_NOT_FOUND'[39m[33m,[39m[0m

      at Object.createExpense (src/services/expenseService.ts:183:13)
      at Object.<anonymous> 
(src/services/__tests__/expenseService.test.ts:106:7)

  ΓùÅ ExpenseService ΓÇ║ createExpense ΓÇ║ should convert percentages to 
amounts (30% of 100 = 30, 70% = 70)

    Category not found

    [0m [90m 181 |[39m
     [90m 182 |[39m     [36mif[39m ([33m![39mcategoryRecord) {
    [31m[1m>[22m[39m[90m 183 |[39m       [36mthrow[39m [36mnew[39m 
[33mAppError[39m(
     [90m     |[39m             [31m[1m^[22m[39m
     [90m 184 |[39m         [32m'Category not found'[39m[33m,[39m
     [90m 185 |[39m         [35m404[39m[33m,[39m
     [90m 186 |[39m         [32m'CATEGORY_NOT_FOUND'[39m[33m,[39m[0m

      at Object.createExpense (src/services/expenseService.ts:183:13)
      at Object.<anonymous> 
(src/services/__tests__/expenseService.test.ts:130:7)

  ΓùÅ ExpenseService ΓÇ║ createExpense ΓÇ║ should convert percentages 
correctly with decimals (25% of 100 = 25, 75% = 75)

    Category not found

    [0m [90m 181 |[39m
     [90m 182 |[39m     [36mif[39m ([33m![39mcategoryRecord) {
    [31m[1m>[22m[39m[90m 183 |[39m       [36mthrow[39m [36mnew[39m 
[33mAppError[39m(
     [90m     |[39m             [31m[1m^[22m[39m
     [90m 184 |[39m         [32m'Category not found'[39m[33m,[39m
     [90m 185 |[39m         [35m404[39m[33m,[39m
     [90m 186 |[39m         [32m'CATEGORY_NOT_FOUND'[39m[33m,[39m[0m

      at Object.createExpense (src/services/expenseService.ts:183:13)
      at Object.<anonymous> 
(src/services/__tests__/expenseService.test.ts:158:7)

  ΓùÅ ExpenseService ΓÇ║ createExpense ΓÇ║ should accept AMOUNT split type 
with valid amounts

    Category not found

    [0m [90m 181 |[39m
     [90m 182 |[39m     [36mif[39m ([33m![39mcategoryRecord) {
    [31m[1m>[22m[39m[90m 183 |[39m       [36mthrow[39m [36mnew[39m 
[33mAppError[39m(
     [90m     |[39m             [31m[1m^[22m[39m
     [90m 184 |[39m         [32m'Category not found'[39m[33m,[39m
     [90m 185 |[39m         [35m404[39m[33m,[39m
     [90m 186 |[39m         [32m'CATEGORY_NOT_FOUND'[39m[33m,[39m[0m

      at Object.createExpense (src/services/expenseService.ts:183:13)
      at Object.<anonymous> 
(src/services/__tests__/expenseService.test.ts:182:7)

  ΓùÅ ExpenseService ΓÇ║ createExpense ΓÇ║ should include all expense data in 
Prisma.create call

    Category not found

    [0m [90m 181 |[39m
     [90m 182 |[39m     [36mif[39m ([33m![39mcategoryRecord) {
    [31m[1m>[22m[39m[90m 183 |[39m       [36mthrow[39m [36mnew[39m 
[33mAppError[39m(
     [90m     |[39m             [31m[1m^[22m[39m
     [90m 184 |[39m         [32m'Category not found'[39m[33m,[39m
     [90m 185 |[39m         [35m404[39m[33m,[39m
     [90m 186 |[39m         [32m'CATEGORY_NOT_FOUND'[39m[33m,[39m[0m

      at Object.createExpense (src/services/expenseService.ts:183:13)
      at Object.<anonymous> 
(src/services/__tests__/expenseService.test.ts:286:7)

  ΓùÅ ExpenseService ΓÇ║ deleteExpense ΓÇ║ should delete expense with correct 
ID

    Expense not found

    [0m [90m 284 |[39m
     [90m 285 |[39m     [36mif[39m ([33m![39mexpense) {
    [31m[1m>[22m[39m[90m 286 |[39m       [36mthrow[39m [36mnew[39m 
[33mAppError[39m([32m'Expense not found'[39m[33m,[39m 
[35m404[39m[33m,[39m [32m'EXPENSE_NOT_FOUND'[39m[33m,[39m { expenseId 
})[33m;[39m
     [90m     |[39m             [31m[1m^[22m[39m
     [90m 287 |[39m     }
     [90m 288 |[39m
     [90m 289 |[39m     [90m// Check authorization: user must be member or 
creator of the group[39m[0m

      at Object.deleteExpense (src/services/expenseService.ts:286:13)
      at Object.<anonymous> 
(src/services/__tests__/expenseService.test.ts:322:7)

  ΓùÅ ExpenseService ΓÇ║ deleteExpense ΓÇ║ should delete expense with ID 99

    Expense not found

    [0m [90m 284 |[39m
     [90m 285 |[39m     [36mif[39m ([33m![39mexpense) {
    [31m[1m>[22m[39m[90m 286 |[39m       [36mthrow[39m [36mnew[39m 
[33mAppError[39m([32m'Expense not found'[39m[33m,[39m 
[35m404[39m[33m,[39m [32m'EXPENSE_NOT_FOUND'[39m[33m,[39m { expenseId 
})[33m;[39m
     [90m     |[39m             [31m[1m^[22m[39m
     [90m 287 |[39m     }
     [90m 288 |[39m
     [90m 289 |[39m     [90m// Check authorization: user must be member or 
creator of the group[39m[0m

      at Object.deleteExpense (src/services/expenseService.ts:286:13)
      at Object.<anonymous> 
(src/services/__tests__/expenseService.test.ts:333:7)

  ΓùÅ ExpenseService ΓÇ║ deleteExpense ΓÇ║ should call delete only once per 
request

    Expense not found

    [0m [90m 284 |[39m
     [90m 285 |[39m     [36mif[39m ([33m![39mexpense) {
    [31m[1m>[22m[39m[90m 286 |[39m       [36mthrow[39m [36mnew[39m 
[33mAppError[39m([32m'Expense not found'[39m[33m,[39m 
[35m404[39m[33m,[39m [32m'EXPENSE_NOT_FOUND'[39m[33m,[39m { expenseId 
})[33m;[39m
     [90m     |[39m             [31m[1m^[22m[39m
     [90m 287 |[39m     }
     [90m 288 |[39m
     [90m 289 |[39m     [90m// Check authorization: user must be member or 
creator of the group[39m[0m

      at Object.deleteExpense (src/services/expenseService.ts:286:13)
      at Object.<anonymous> 
(src/services/__tests__/expenseService.test.ts:344:7)

FAIL src/utils/__tests__/jwtHelper.test.ts (6.126 s)
  ΓùÅ JWT Helper ΓÇ║ generateToken() ΓÇ║ should generate different tokens on 
successive calls

    expect(received).not.toEqual(expected) // deep equality

    Expected: not "eyJhbGciOiJIUzI1NiIsInR5cCI6IkpXVCJ9.eyJ1c2VySWQiOjQyLCJpYXQ
iOjE3ODAzMzg3MTIsImV4cCI6MTc4MDQyNTExMn0.Sj99-gfUwy9DJQsjBtMNLIAIF22aqjeSrwvRAG
QPtcQ"

    [0m [90m 54 |[39m
     [90m 55 |[39m       [90m// Tokens will be different due to different 
iat (issued at) times[39m
    [31m[1m>[22m[39m[90m 56 |[39m       
expect(token1)[33m.[39mnot[33m.[39mtoEqual(token2)[33m;[39m
     [90m    |[39m                          [31m[1m^[22m[39m
     [90m 57 |[39m     })[33m;[39m
     [90m 58 |[39m   })[33m;[39m
     [90m 59 |[39m[0m

      at Object.<anonymous> (src/utils/__tests__/jwtHelper.test.ts:56:26)

  ΓùÅ JWT Helper ΓÇ║ Security Scenarios ΓÇ║ should handle token reuse correctly

    expect(received).not.toBe(expected) // Object.is equality

    Expected: not 1780338712

    [0m [90m 202 |[39m
     [90m 203 |[39m       expect(payload1[33m.[39muserId)[33m.[39mtoBe(pa
yload2[33m.[39muserId)[33m;[39m
    [31m[1m>[22m[39m[90m 204 |[39m       expect(payload1[33m.[39miat)[
33m.[39mnot[33m.[39mtoBe(payload2[33m.[39miat)[33m;[39m
     [90m     |[39m                                [31m[1m^[22m[39m
     [90m 205 |[39m     })[33m;[39m
     [90m 206 |[39m
     [90m 207 |[39m     it([32m'should prevent userId 
tampering'[39m[33m,[39m () [33m=>[39m {[0m

      at Object.<anonymous> (src/utils/__tests__/jwtHelper.test.ts:204:32)

PASS src/__tests__/auth/jwt.test.ts
PASS src/__tests__/auth/password.test.ts
PASS src/utils/__tests__/passwordHelper.test.ts
FAIL src/controllers/__tests__/expenseController.test.ts (7.382 s)
  ΓùÅ Console

    console.error
      TypeError: Cannot read properties of undefined (reading 'id')
          at createExpense (C:\nd\repos\expense-manager\backend\src\controllers
\expenseController.ts:74:30)
          at Object.<anonymous> (C:\nd\repos\expense-manager\backend\src\contro
llers\__tests__\expenseController.test.ts:90:26)
          at Promise.then.completed (C:\nd\repos\expense-manager\backend\node_m
odules\jest-circus\build\utils.js:298:28)
          at new Promise (<anonymous>)
          at callAsyncCircusFn (C:\nd\repos\expense-manager\backend\node_module
s\jest-circus\build\utils.js:231:10)
          at _callCircusTest (C:\nd\repos\expense-manager\backend\node_modules\
jest-circus\build\run.js:316:40)
          at processTicksAndRejections 
(node:internal/process/task_queues:105:5)
          at _runTest (C:\nd\repos\expense-manager\backend\node_modules\jest-ci
rcus\build\run.js:252:3)
          at _runTestsForDescribeBlock (C:\nd\repos\expense-manager\backend\nod
e_modules\jest-circus\build\run.js:126:9)
          at _runTestsForDescribeBlock (C:\nd\repos\expense-manager\backend\nod
e_modules\jest-circus\build\run.js:121:9)
          at _runTestsForDescribeBlock (C:\nd\repos\expense-manager\backend\nod
e_modules\jest-circus\build\run.js:121:9)
          at run (C:\nd\repos\expense-manager\backend\node_modules\jest-circus\
build\run.js:71:3)
          at runAndTransformResultsToJestFormat (C:\nd\repos\expense-manager\ba
ckend\node_modules\jest-circus\build\legacy-code-todo-rewrite\jestAdapterInit.j
s:122:21)
          at jestAdapter (C:\nd\repos\expense-manager\backend\node_modules\jest
-circus\build\legacy-code-todo-rewrite\jestAdapter.js:79:19)
          at runTestInternal (C:\nd\repos\expense-manager\backend\node_modules\
jest-runner\build\runTest.js:367:16)
          at runTest (C:\nd\repos\expense-manager\backend\node_modules\jest-run
ner\build\runTest.js:444:34)
          at Object.worker (C:\nd\repos\expense-manager\backend\node_modules\je
st-runner\build\testWorker.js:106:12)

    [0m [90m 119 |[39m         })[33m;[39m
     [90m 120 |[39m       }
    [31m[1m>[22m[39m[90m 121 |[39m       
console[33m.[39merror(err)[33m;[39m
     [90m     |[39m               [31m[1m^[22m[39m
     [90m 122 |[39m       [36mreturn[39m 
res[33m.[39mstatus([35m500[39m)[33m.[39mjson({
     [90m 123 |[39m         statusCode[33m:[39m [35m500[39m[33m,[39m
     [90m 124 |[39m         error[33m:[39m err [36minstanceof[39m 
[33mError[39m [33m?[39m err[33m.[39mmessage [33m:[39m [32m'Failed to 
create expense'[39m[33m,[39m[0m

      at createExpense (src/controllers/expenseController.ts:121:15)
      at Object.<anonymous> 
(src/controllers/__tests__/expenseController.test.ts:90:26)

    console.error
      Error: Group not found
          at Object.<anonymous> (C:\nd\repos\expense-manager\backend\src\contro
llers\__tests__\expenseController.test.ts:179:9)
          at Promise.then.completed (C:\nd\repos\expense-manager\backend\node_m
odules\jest-circus\build\utils.js:298:28)
          at new Promise (<anonymous>)
          at callAsyncCircusFn (C:\nd\repos\expense-manager\backend\node_module
s\jest-circus\build\utils.js:231:10)
          at _callCircusTest (C:\nd\repos\expense-manager\backend\node_modules\
jest-circus\build\run.js:316:40)
          at processTicksAndRejections 
(node:internal/process/task_queues:105:5)
          at _runTest (C:\nd\repos\expense-manager\backend\node_modules\jest-ci
rcus\build\run.js:252:3)
          at _runTestsForDescribeBlock (C:\nd\repos\expense-manager\backend\nod
e_modules\jest-circus\build\run.js:126:9)
          at _runTestsForDescribeBlock (C:\nd\repos\expense-manager\backend\nod
e_modules\jest-circus\build\run.js:121:9)
          at _runTestsForDescribeBlock (C:\nd\repos\expense-manager\backend\nod
e_modules\jest-circus\build\run.js:121:9)
          at run (C:\nd\repos\expense-manager\backend\node_modules\jest-circus\
build\run.js:71:3)
          at runAndTransformResultsToJestFormat (C:\nd\repos\expense-manager\ba
ckend\node_modules\jest-circus\build\legacy-code-todo-rewrite\jestAdapterInit.j
s:122:21)
          at jestAdapter (C:\nd\repos\expense-manager\backend\node_modules\jest
-circus\build\legacy-code-todo-rewrite\jestAdapter.js:79:19)
          at runTestInternal (C:\nd\repos\expense-manager\backend\node_modules\
jest-runner\build\runTest.js:367:16)
          at runTest (C:\nd\repos\expense-manager\backend\node_modules\jest-run
ner\build\runTest.js:444:34)
          at Object.worker (C:\nd\repos\expense-manager\backend\node_modules\je
st-runner\build\testWorker.js:106:12)

    [0m [90m 119 |[39m         })[33m;[39m
     [90m 120 |[39m       }
    [31m[1m>[22m[39m[90m 121 |[39m       
console[33m.[39merror(err)[33m;[39m
     [90m     |[39m               [31m[1m^[22m[39m
     [90m 122 |[39m       [36mreturn[39m 
res[33m.[39mstatus([35m500[39m)[33m.[39mjson({
     [90m 123 |[39m         statusCode[33m:[39m [35m500[39m[33m,[39m
     [90m 124 |[39m         error[33m:[39m err [36minstanceof[39m 
[33mError[39m [33m?[39m err[33m.[39mmessage [33m:[39m [32m'Failed to 
create expense'[39m[33m,[39m[0m

      at createExpense (src/controllers/expenseController.ts:121:15)
      at Object.<anonymous> 
(src/controllers/__tests__/expenseController.test.ts:182:7)

    console.error
      TypeError: res.status(...).send is not a function
          at deleteExpense (C:\nd\repos\expense-manager\backend\src\controllers
\expenseController.ts:170:21)
          at processTicksAndRejections 
(node:internal/process/task_queues:105:5)
          at Object.<anonymous> (C:\nd\repos\expense-manager\backend\src\contro
llers\__tests__\expenseController.test.ts:325:7)

    [0m [90m 173 |[39m       next(err)[33m;[39m
     [90m 174 |[39m     } [36melse[39m {
    [31m[1m>[22m[39m[90m 175 |[39m       
console[33m.[39merror(err)[33m;[39m
     [90m     |[39m               [31m[1m^[22m[39m
     [90m 176 |[39m       [36mreturn[39m 
res[33m.[39mstatus([35m500[39m)[33m.[39mjson({
     [90m 177 |[39m         statusCode[33m:[39m [35m500[39m[33m,[39m
     [90m 178 |[39m         error[33m:[39m err [36minstanceof[39m 
[33mError[39m [33m?[39m err[33m.[39mmessage [33m:[39m [32m'Failed to 
delete expense'[39m[33m,[39m[0m

      at deleteExpense (src/controllers/expenseController.ts:175:15)
      at Object.<anonymous> 
(src/controllers/__tests__/expenseController.test.ts:325:7)

    console.error
      Error: Expense not found
          at Object.<anonymous> (C:\nd\repos\expense-manager\backend\src\contro
llers\__tests__\expenseController.test.ts:348:9)
          at Promise.then.completed (C:\nd\repos\expense-manager\backend\node_m
odules\jest-circus\build\utils.js:298:28)
          at new Promise (<anonymous>)
          at callAsyncCircusFn (C:\nd\repos\expense-manager\backend\node_module
s\jest-circus\build\utils.js:231:10)
          at _callCircusTest (C:\nd\repos\expense-manager\backend\node_modules\
jest-circus\build\run.js:316:40)
          at processTicksAndRejections 
(node:internal/process/task_queues:105:5)
          at _runTest (C:\nd\repos\expense-manager\backend\node_modules\jest-ci
rcus\build\run.js:252:3)
          at _runTestsForDescribeBlock (C:\nd\repos\expense-manager\backend\nod
e_modules\jest-circus\build\run.js:126:9)
          at _runTestsForDescribeBlock (C:\nd\repos\expense-manager\backend\nod
e_modules\jest-circus\build\run.js:121:9)
          at _runTestsForDescribeBlock (C:\nd\repos\expense-manager\backend\nod
e_modules\jest-circus\build\run.js:121:9)
          at run (C:\nd\repos\expense-manager\backend\node_modules\jest-circus\
build\run.js:71:3)
          at runAndTransformResultsToJestFormat (C:\nd\repos\expense-manager\ba
ckend\node_modules\jest-circus\build\legacy-code-todo-rewrite\jestAdapterInit.j
s:122:21)
          at jestAdapter (C:\nd\repos\expense-manager\backend\node_modules\jest
-circus\build\legacy-code-todo-rewrite\jestAdapter.js:79:19)
          at runTestInternal (C:\nd\repos\expense-manager\backend\node_modules\
jest-runner\build\runTest.js:367:16)
          at runTest (C:\nd\repos\expense-manager\backend\node_modules\jest-run
ner\build\runTest.js:444:34)
          at Object.worker (C:\nd\repos\expense-manager\backend\node_modules\je
st-runner\build\testWorker.js:106:12)

    [0m [90m 173 |[39m       next(err)[33m;[39m
     [90m 174 |[39m     } [36melse[39m {
    [31m[1m>[22m[39m[90m 175 |[39m       
console[33m.[39merror(err)[33m;[39m
     [90m     |[39m               [31m[1m^[22m[39m
     [90m 176 |[39m       [36mreturn[39m 
res[33m.[39mstatus([35m500[39m)[33m.[39mjson({
     [90m 177 |[39m         statusCode[33m:[39m [35m500[39m[33m,[39m
     [90m 178 |[39m         error[33m:[39m err [36minstanceof[39m 
[33mError[39m [33m?[39m err[33m.[39mmessage [33m:[39m [32m'Failed to 
delete expense'[39m[33m,[39m[0m

      at deleteExpense (src/controllers/expenseController.ts:175:15)
      at Object.<anonymous> 
(src/controllers/__tests__/expenseController.test.ts:351:7)

    console.error
      TypeError: res.status(...).send is not a function
          at deleteExpense (C:\nd\repos\expense-manager\backend\src\controllers
\expenseController.ts:170:21)
          at processTicksAndRejections 
(node:internal/process/task_queues:105:5)
          at Object.<anonymous> (C:\nd\repos\expense-manager\backend\src\contro
llers\__tests__\expenseController.test.ts:362:7)

    [0m [90m 173 |[39m       next(err)[33m;[39m
     [90m 174 |[39m     } [36melse[39m {
    [31m[1m>[22m[39m[90m 175 |[39m       
console[33m.[39merror(err)[33m;[39m
     [90m     |[39m               [31m[1m^[22m[39m
     [90m 176 |[39m       [36mreturn[39m 
res[33m.[39mstatus([35m500[39m)[33m.[39mjson({
     [90m 177 |[39m         statusCode[33m:[39m [35m500[39m[33m,[39m
     [90m 178 |[39m         error[33m:[39m err [36minstanceof[39m 
[33mError[39m [33m?[39m err[33m.[39mmessage [33m:[39m [32m'Failed to 
delete expense'[39m[33m,[39m[0m

      at deleteExpense (src/controllers/expenseController.ts:175:15)
      at Object.<anonymous> 
(src/controllers/__tests__/expenseController.test.ts:362:7)

    console.error
      Error: Payer is not a member of this group
          at Object.<anonymous> (C:\nd\repos\expense-manager\backend\src\contro
llers\__tests__\expenseController.test.ts:383:9)
          at Promise.then.completed (C:\nd\repos\expense-manager\backend\node_m
odules\jest-circus\build\utils.js:298:28)
          at new Promise (<anonymous>)
          at callAsyncCircusFn (C:\nd\repos\expense-manager\backend\node_module
s\jest-circus\build\utils.js:231:10)
          at _callCircusTest (C:\nd\repos\expense-manager\backend\node_modules\
jest-circus\build\run.js:316:40)
          at processTicksAndRejections 
(node:internal/process/task_queues:105:5)
          at _runTest (C:\nd\repos\expense-manager\backend\node_modules\jest-ci
rcus\build\run.js:252:3)
          at _runTestsForDescribeBlock (C:\nd\repos\expense-manager\backend\nod
e_modules\jest-circus\build\run.js:126:9)
          at _runTestsForDescribeBlock (C:\nd\repos\expense-manager\backend\nod
e_modules\jest-circus\build\run.js:121:9)
          at _runTestsForDescribeBlock (C:\nd\repos\expense-manager\backend\nod
e_modules\jest-circus\build\run.js:121:9)
          at run (C:\nd\repos\expense-manager\backend\node_modules\jest-circus\
build\run.js:71:3)
          at runAndTransformResultsToJestFormat (C:\nd\repos\expense-manager\ba
ckend\node_modules\jest-circus\build\legacy-code-todo-rewrite\jestAdapterInit.j
s:122:21)
          at jestAdapter (C:\nd\repos\expense-manager\backend\node_modules\jest
-circus\build\legacy-code-todo-rewrite\jestAdapter.js:79:19)
          at runTestInternal (C:\nd\repos\expense-manager\backend\node_modules\
jest-runner\build\runTest.js:367:16)
          at runTest (C:\nd\repos\expense-manager\backend\node_modules\jest-run
ner\build\runTest.js:444:34)
          at Object.worker (C:\nd\repos\expense-manager\backend\node_modules\je
st-runner\build\testWorker.js:106:12)

    [0m [90m 119 |[39m         })[33m;[39m
     [90m 120 |[39m       }
    [31m[1m>[22m[39m[90m 121 |[39m       
console[33m.[39merror(err)[33m;[39m
     [90m     |[39m               [31m[1m^[22m[39m
     [90m 122 |[39m       [36mreturn[39m 
res[33m.[39mstatus([35m500[39m)[33m.[39mjson({
     [90m 123 |[39m         statusCode[33m:[39m [35m500[39m[33m,[39m
     [90m 124 |[39m         error[33m:[39m err [36minstanceof[39m 
[33mError[39m [33m?[39m err[33m.[39mmessage [33m:[39m [32m'Failed to 
create expense'[39m[33m,[39m[0m

      at createExpense (src/controllers/expenseController.ts:121:15)
      at Object.<anonymous> 
(src/controllers/__tests__/expenseController.test.ts:386:7)

    console.error
      Error: Split amounts do not sum to total
          at Object.<anonymous> (C:\nd\repos\expense-manager\backend\src\contro
llers\__tests__\expenseController.test.ts:447:9)
          at Promise.then.completed (C:\nd\repos\expense-manager\backend\node_m
odules\jest-circus\build\utils.js:298:28)
          at new Promise (<anonymous>)
          at callAsyncCircusFn (C:\nd\repos\expense-manager\backend\node_module
s\jest-circus\build\utils.js:231:10)
          at _callCircusTest (C:\nd\repos\expense-manager\backend\node_modules\
jest-circus\build\run.js:316:40)
          at processTicksAndRejections 
(node:internal/process/task_queues:105:5)
          at _runTest (C:\nd\repos\expense-manager\backend\node_modules\jest-ci
rcus\build\run.js:252:3)
          at _runTestsForDescribeBlock (C:\nd\repos\expense-manager\backend\nod
e_modules\jest-circus\build\run.js:126:9)
          at _runTestsForDescribeBlock (C:\nd\repos\expense-manager\backend\nod
e_modules\jest-circus\build\run.js:121:9)
          at _runTestsForDescribeBlock (C:\nd\repos\expense-manager\backend\nod
e_modules\jest-circus\build\run.js:121:9)
          at run (C:\nd\repos\expense-manager\backend\node_modules\jest-circus\
build\run.js:71:3)
          at runAndTransformResultsToJestFormat (C:\nd\repos\expense-manager\ba
ckend\node_modules\jest-circus\build\legacy-code-todo-rewrite\jestAdapterInit.j
s:122:21)
          at jestAdapter (C:\nd\repos\expense-manager\backend\node_modules\jest
-circus\build\legacy-code-todo-rewrite\jestAdapter.js:79:19)
          at runTestInternal (C:\nd\repos\expense-manager\backend\node_modules\
jest-runner\build\runTest.js:367:16)
          at runTest (C:\nd\repos\expense-manager\backend\node_modules\jest-run
ner\build\runTest.js:444:34)
          at Object.worker (C:\nd\repos\expense-manager\backend\node_modules\je
st-runner\build\testWorker.js:106:12)

    [0m [90m 119 |[39m         })[33m;[39m
     [90m 120 |[39m       }
    [31m[1m>[22m[39m[90m 121 |[39m       
console[33m.[39merror(err)[33m;[39m
     [90m     |[39m               [31m[1m^[22m[39m
     [90m 122 |[39m       [36mreturn[39m 
res[33m.[39mstatus([35m500[39m)[33m.[39mjson({
     [90m 123 |[39m         statusCode[33m:[39m [35m500[39m[33m,[39m
     [90m 124 |[39m         error[33m:[39m err [36minstanceof[39m 
[33mError[39m [33m?[39m err[33m.[39mmessage [33m:[39m [32m'Failed to 
create expense'[39m[33m,[39m[0m

      at createExpense (src/controllers/expenseController.ts:121:15)
      at Object.<anonymous> 
(src/controllers/__tests__/expenseController.test.ts:450:7)

  ΓùÅ Expense Controller ΓÇ║ POST /api/expenses ΓÇ║ should create expense with 
valid data

    expect(received).toBe(expected) // Object.is equality

    Expected: true
    Received: undefined

    [0m [90m 75 |[39m
     [90m 76 |[39m       
expect(statusCode)[33m.[39mtoBe([35m201[39m)[33m;[39m
    [31m[1m>[22m[39m[90m 77 |[39m       
expect(jsonData[33m.[39msuccess)[33m.[39mtoBe([36mtrue[39m)[33m;[39m
     [90m    |[39m                                [31m[1m^[22m[39m
     [90m 78 |[39m       expect(jsonData[33m.[39mdata[33m.[39mtitle)[33m
.[39mtoBe([32m'Dinner'[39m)[33m;[39m
     [90m 79 |[39m     })[33m;[39m
     [90m 80 |[39m[0m

      at Object.<anonymous> 
(src/controllers/__tests__/expenseController.test.ts:77:32)

  ΓùÅ Expense Controller ΓÇ║ POST /api/expenses ΓÇ║ should require 
authentication

    expect(received).toBe(expected) // Object.is equality

    Expected: 401
    Received: 500

    [0m [90m 90 |[39m       [36mawait[39m createExpense(req [36mas[39m 
[33mRequest[39m[33m,[39m res [36mas[39m [33mResponse[39m)[33m;[39m
     [90m 91 |[39m
    [31m[1m>[22m[39m[90m 92 |[39m       
expect(statusCode)[33m.[39mtoBe([35m401[39m)[33m;[39m
     [90m    |[39m                          [31m[1m^[22m[39m
     [90m 93 |[39m     })[33m;[39m
     [90m 94 |[39m
     [90m 95 |[39m     it([32m'should reject missing title'[39m[33m,[39m 
[36masync[39m () [33m=>[39m {[0m

      at Object.<anonymous> 
(src/controllers/__tests__/expenseController.test.ts:92:26)

  ΓùÅ Expense Controller ΓÇ║ POST /api/expenses ΓÇ║ should reject missing title

    expect(received).toBe(expected) // Object.is equality

    Expected: "VALIDATION_ERROR"
    Received: "Validation error"

    [0m [90m 107 |[39m
     [90m 108 |[39m       
expect(statusCode)[33m.[39mtoBe([35m400[39m)[33m;[39m
    [31m[1m>[22m[39m[90m 109 |[39m       expect(jsonData[33m.[39merror)
[33m.[39mtoBe([32m'VALIDATION_ERROR'[39m)[33m;[39m
     [90m     |[39m                              [31m[1m^[22m[39m
     [90m 110 |[39m     })[33m;[39m
     [90m 111 |[39m
     [90m 112 |[39m     it([32m'should reject negative 
amount'[39m[33m,[39m [36masync[39m () [33m=>[39m {[0m

      at Object.<anonymous> 
(src/controllers/__tests__/expenseController.test.ts:109:30)

  ΓùÅ Expense Controller ΓÇ║ GET /api/expenses ΓÇ║ should handle service errors

    Database error

    [0m [90m 307 |[39m     it([32m'should handle service 
errors'[39m[33m,[39m [36masync[39m () [33m=>[39m {
     [90m 308 |[39m       (expenseService[33m.[39mgetAllExpenses 
[36mas[39m jest[33m.[39m[33mMock[39m)[33m.[39mmockRejectedValue(
    [31m[1m>[22m[39m[90m 309 |[39m         [36mnew[39m 
[33mError[39m([32m'Database error'[39m)
     [90m     |[39m         [31m[1m^[22m[39m
     [90m 310 |[39m       )[33m;[39m
     [90m 311 |[39m
     [90m 312 |[39m       [36mawait[39m getExpenses(req [36mas[39m 
[33mRequest[39m[33m,[39m res [36mas[39m 
[33mResponse[39m)[33m;[39m[0m

      at Object.<anonymous> 
(src/controllers/__tests__/expenseController.test.ts:309:9)

  ΓùÅ Expense Controller ΓÇ║ DELETE /api/expenses/:id ΓÇ║ should delete 
expense successfully

    expect(received).toBe(expected) // Object.is equality

    Expected: 204
    Received: 500

    [0m [90m 325 |[39m       [36mawait[39m deleteExpense(req [36mas[39m 
[33mRequest[39m[33m,[39m res [36mas[39m [33mResponse[39m)[33m;[39m
     [90m 326 |[39m
    [31m[1m>[22m[39m[90m 327 |[39m       
expect(statusCode)[33m.[39mtoBe([35m204[39m)[33m;[39m
     [90m     |[39m                          [31m[1m^[22m[39m
     [90m 328 |[39m     })[33m;[39m
     [90m 329 |[39m
     [90m 330 |[39m     it([32m'should reject invalid expense 
id'[39m[33m,[39m [36masync[39m () [33m=>[39m {[0m

      at Object.<anonymous> 
(src/controllers/__tests__/expenseController.test.ts:327:26)

PASS src/controllers/__tests__/authController.test.ts
  ΓùÅ Console

    console.log
      [INFO] Verification email sent after signup { userId: 1, email: 
'john@test.com' }

      at Object.info (src/utils/logger.ts:38:15)

    console.log
      [INFO] Verification email sent after signup { userId: 1, email: 
'john@test.com' }

      at Object.info (src/utils/logger.ts:38:15)

    console.log
      [INFO] Verification email sent after signup { userId: 1, email: 
'john@test.com' }

      at Object.info (src/utils/logger.ts:38:15)

FAIL src/__tests__/auth/login.test.ts (8.437 s)
  ΓùÅ Console

    console.error
      Login error: TypeError: prisma_1.default.user.update is not a function
          at login 
(C:\nd\repos\expense-manager\backend\src\controllers\authController.ts:214:25)
          at Object.<anonymous> 
(C:\nd\repos\expense-manager\backend\src\__tests__\auth\login.test.ts:69:5)

    [0m [90m 270 |[39m     }
     [90m 271 |[39m
    [31m[1m>[22m[39m[90m 272 |[39m     
console[33m.[39merror([32m'Login error:'[39m[33m,[39m error)[33m;[39m
     [90m     |[39m             [31m[1m^[22m[39m
     [90m 273 |[39m     res[33m.[39mstatus([35m500[39m)[33m.[39mjson({
     [90m 274 |[39m       success[33m:[39m [36mfalse[39m[33m,[39m
     [90m 275 |[39m       message[33m:[39m [32m'Login 
failed'[39m[33m,[39m[0m

      at login (src/controllers/authController.ts:272:13)
      at Object.<anonymous> (src/__tests__/auth/login.test.ts:69:5)

    console.error
      Login error: TypeError: prisma_1.default.user.update is not a function
          at login 
(C:\nd\repos\expense-manager\backend\src\controllers\authController.ts:214:25)
          at Object.<anonymous> 
(C:\nd\repos\expense-manager\backend\src\__tests__\auth\login.test.ts:99:5)

    [0m [90m 270 |[39m     }
     [90m 271 |[39m
    [31m[1m>[22m[39m[90m 272 |[39m     
console[33m.[39merror([32m'Login error:'[39m[33m,[39m error)[33m;[39m
     [90m     |[39m             [31m[1m^[22m[39m
     [90m 273 |[39m     res[33m.[39mstatus([35m500[39m)[33m.[39mjson({
     [90m 274 |[39m       success[33m:[39m [36mfalse[39m[33m,[39m
     [90m 275 |[39m       message[33m:[39m [32m'Login 
failed'[39m[33m,[39m[0m

      at login (src/controllers/authController.ts:272:13)
      at Object.<anonymous> (src/__tests__/auth/login.test.ts:99:5)

    console.error
      Login error: TypeError: prisma_1.default.user.update is not a function
          at login 
(C:\nd\repos\expense-manager\backend\src\controllers\authController.ts:214:25)
          at Object.<anonymous> 
(C:\nd\repos\expense-manager\backend\src\__tests__\auth\login.test.ts:209:5)

    [0m [90m 270 |[39m     }
     [90m 271 |[39m
    [31m[1m>[22m[39m[90m 272 |[39m     
console[33m.[39merror([32m'Login error:'[39m[33m,[39m error)[33m;[39m
     [90m     |[39m             [31m[1m^[22m[39m
     [90m 273 |[39m     res[33m.[39mstatus([35m500[39m)[33m.[39mjson({
     [90m 274 |[39m       success[33m:[39m [36mfalse[39m[33m,[39m
     [90m 275 |[39m       message[33m:[39m [32m'Login 
failed'[39m[33m,[39m[0m

      at login (src/controllers/authController.ts:272:13)
      at Object.<anonymous> (src/__tests__/auth/login.test.ts:209:5)

    console.error
      Login error: TypeError: prisma_1.default.user.update is not a function
          at login 
(C:\nd\repos\expense-manager\backend\src\controllers\authController.ts:214:25)
          at Object.<anonymous> 
(C:\nd\repos\expense-manager\backend\src\__tests__\auth\login.test.ts:237:5)

    [0m [90m 270 |[39m     }
     [90m 271 |[39m
    [31m[1m>[22m[39m[90m 272 |[39m     
console[33m.[39merror([32m'Login error:'[39m[33m,[39m error)[33m;[39m
     [90m     |[39m             [31m[1m^[22m[39m
     [90m 273 |[39m     res[33m.[39mstatus([35m500[39m)[33m.[39mjson({
     [90m 274 |[39m       success[33m:[39m [36mfalse[39m[33m,[39m
     [90m 275 |[39m       message[33m:[39m [32m'Login 
failed'[39m[33m,[39m[0m

      at login (src/controllers/authController.ts:272:13)
      at Object.<anonymous> (src/__tests__/auth/login.test.ts:237:5)

    console.error
      Login error: TypeError: prisma_1.default.user.update is not a function
          at login 
(C:\nd\repos\expense-manager\backend\src\controllers\authController.ts:214:25)
          at Object.<anonymous> 
(C:\nd\repos\expense-manager\backend\src\__tests__\auth\login.test.ts:265:5)

    [0m [90m 270 |[39m     }
     [90m 271 |[39m
    [31m[1m>[22m[39m[90m 272 |[39m     
console[33m.[39merror([32m'Login error:'[39m[33m,[39m error)[33m;[39m
     [90m     |[39m             [31m[1m^[22m[39m
     [90m 273 |[39m     res[33m.[39mstatus([35m500[39m)[33m.[39mjson({
     [90m 274 |[39m       success[33m:[39m [36mfalse[39m[33m,[39m
     [90m 275 |[39m       message[33m:[39m [32m'Login 
failed'[39m[33m,[39m[0m

      at login (src/controllers/authController.ts:272:13)
      at Object.<anonymous> (src/__tests__/auth/login.test.ts:265:5)

    console.error
      Login error: TypeError: prisma_1.default.user.update is not a function
          at login 
(C:\nd\repos\expense-manager\backend\src\controllers\authController.ts:214:25)
          at Object.<anonymous> 
(C:\nd\repos\expense-manager\backend\src\__tests__\auth\login.test.ts:292:5)

    [0m [90m 270 |[39m     }
     [90m 271 |[39m
    [31m[1m>[22m[39m[90m 272 |[39m     
console[33m.[39merror([32m'Login error:'[39m[33m,[39m error)[33m;[39m
     [90m     |[39m             [31m[1m^[22m[39m
     [90m 273 |[39m     res[33m.[39mstatus([35m500[39m)[33m.[39mjson({
     [90m 274 |[39m       success[33m:[39m [36mfalse[39m[33m,[39m
     [90m 275 |[39m       message[33m:[39m [32m'Login 
failed'[39m[33m,[39m[0m

      at login (src/controllers/authController.ts:272:13)
      at Object.<anonymous> (src/__tests__/auth/login.test.ts:292:5)

    console.error
      Login error: TypeError: prisma_1.default.user.update is not a function
          at login 
(C:\nd\repos\expense-manager\backend\src\controllers\authController.ts:214:25)
          at Object.<anonymous> 
(C:\nd\repos\expense-manager\backend\src\__tests__\auth\login.test.ts:319:5)

    [0m [90m 270 |[39m     }
     [90m 271 |[39m
    [31m[1m>[22m[39m[90m 272 |[39m     
console[33m.[39merror([32m'Login error:'[39m[33m,[39m error)[33m;[39m
     [90m     |[39m             [31m[1m^[22m[39m
     [90m 273 |[39m     res[33m.[39mstatus([35m500[39m)[33m.[39mjson({
     [90m 274 |[39m       success[33m:[39m [36mfalse[39m[33m,[39m
     [90m 275 |[39m       message[33m:[39m [32m'Login 
failed'[39m[33m,[39m[0m

      at login (src/controllers/authController.ts:272:13)
      at Object.<anonymous> (src/__tests__/auth/login.test.ts:319:5)

    console.error
      Login error: TypeError: prisma_1.default.user.update is not a function
          at login 
(C:\nd\repos\expense-manager\backend\src\controllers\authController.ts:214:25)
          at Object.<anonymous> 
(C:\nd\repos\expense-manager\backend\src\__tests__\auth\login.test.ts:348:5)

    [0m [90m 270 |[39m     }
     [90m 271 |[39m
    [31m[1m>[22m[39m[90m 272 |[39m     
console[33m.[39merror([32m'Login error:'[39m[33m,[39m error)[33m;[39m
     [90m     |[39m             [31m[1m^[22m[39m
     [90m 273 |[39m     res[33m.[39mstatus([35m500[39m)[33m.[39mjson({
     [90m 274 |[39m       success[33m:[39m [36mfalse[39m[33m,[39m
     [90m 275 |[39m       message[33m:[39m [32m'Login 
failed'[39m[33m,[39m[0m

      at login (src/controllers/authController.ts:272:13)
      at Object.<anonymous> (src/__tests__/auth/login.test.ts:348:5)

    console.error
      Login error: TypeError: prisma_1.default.user.update is not a function
          at login 
(C:\nd\repos\expense-manager\backend\src\controllers\authController.ts:214:25)
          at Object.<anonymous> 
(C:\nd\repos\expense-manager\backend\src\__tests__\auth\login.test.ts:413:5)

    [0m [90m 270 |[39m     }
     [90m 271 |[39m
    [31m[1m>[22m[39m[90m 272 |[39m     
console[33m.[39merror([32m'Login error:'[39m[33m,[39m error)[33m;[39m
     [90m     |[39m             [31m[1m^[22m[39m
     [90m 273 |[39m     res[33m.[39mstatus([35m500[39m)[33m.[39mjson({
     [90m 274 |[39m       success[33m:[39m [36mfalse[39m[33m,[39m
     [90m 275 |[39m       message[33m:[39m [32m'Login 
failed'[39m[33m,[39m[0m

      at login (src/controllers/authController.ts:272:13)
      at Object.<anonymous> (src/__tests__/auth/login.test.ts:413:5)

  ΓùÅ Login Endpoint ΓÇ║ 1. Should successfully login with valid credentials

    expect(jest.fn()).toHaveBeenCalledWith(...expected)

    Expected: 200
    Received: 500

    Number of calls: 1

    [0m [90m 69 |[39m     [36mawait[39m login(mockReq [36mas[39m 
[33mRequest[39m[33m,[39m mockRes [36mas[39m 
[33mResponse[39m)[33m;[39m
     [90m 70 |[39m
    [31m[1m>[22m[39m[90m 71 |[39m     
expect(statusMock)[33m.[39mtoHaveBeenCalledWith([35m200[39m)[33m;[39m
     [90m    |[39m                        [31m[1m^[22m[39m
     [90m 72 |[39m     expect(jsonMock)[33m.[39mtoHaveBeenCalledWith(
     [90m 73 |[39m       expect[33m.[39mobjectContaining({
     [90m 74 |[39m         success[33m:[39m [36mtrue[39m[33m,[39m[0m

      at Object.<anonymous> (src/__tests__/auth/login.test.ts:71:24)

  ΓùÅ Login Endpoint ΓÇ║ 2. Should reject invalid password

    expect(jest.fn()).toHaveBeenCalledWith(...expected)

    Expected: 401
    Received: 500

    Number of calls: 1

    [0m [90m  99 |[39m     [36mawait[39m login(mockReq [36mas[39m 
[33mRequest[39m[33m,[39m mockRes [36mas[39m 
[33mResponse[39m)[33m;[39m
     [90m 100 |[39m
    [31m[1m>[22m[39m[90m 101 |[39m     
expect(statusMock)[33m.[39mtoHaveBeenCalledWith([35m401[39m)[33m;[39m
     [90m     |[39m                        [31m[1m^[22m[39m
     [90m 102 |[39m     expect(jsonMock)[33m.[39mtoHaveBeenCalledWith(
     [90m 103 |[39m       expect[33m.[39mobjectContaining({
     [90m 104 |[39m         success[33m:[39m [36mfalse[39m[33m,[39m[0m

      at Object.<anonymous> (src/__tests__/auth/login.test.ts:101:24)

  ΓùÅ Login Endpoint ΓÇ║ 6. Should increment failed login attempts on wrong 
password

    expect(received).toHaveBeenCalledWith(...expected)

    Matcher error: received value must be a mock or spy function

    Received has value: undefined

    [0m [90m 209 |[39m     [36mawait[39m login(mockReq [36mas[39m 
[33mRequest[39m[33m,[39m mockRes [36mas[39m 
[33mResponse[39m)[33m;[39m
     [90m 210 |[39m
    [31m[1m>[22m[39m[90m 211 |[39m     
expect(prisma[33m.[39muser[33m.[39mupdate)[33m.[39mtoHaveBeenCalledWith({
     [90m     |[39m                                [31m[1m^[22m[39m
     [90m 212 |[39m       where[33m:[39m { id[33m:[39m [35m1[39m 
}[33m,[39m
     [90m 213 |[39m       data[33m:[39m {
     [90m 214 |[39m         failedLoginAttempts[33m:[39m 
[35m1[39m[33m,[39m[0m

      at Object.<anonymous> (src/__tests__/auth/login.test.ts:211:32)

  ΓùÅ Login Endpoint ΓÇ║ 7. Should lock account after 5 failed attempts

    TypeError: Cannot read properties of undefined (reading 'mock')

    [0m [90m 237 |[39m     [36mawait[39m login(mockReq [36mas[39m 
[33mRequest[39m[33m,[39m mockRes [36mas[39m 
[33mResponse[39m)[33m;[39m
     [90m 238 |[39m
    [31m[1m>[22m[39m[90m 239 |[39m     [36mconst[39m updateCall 
[33m=[39m (prisma[33m.[39muser[33m.[39mupdate [36mas[39m jest[33m.[39
m[33mMock[39m)[33m.[39mmock[33m.[39mcalls[[35m0[39m][33m;[39m
     [90m     |[39m                                                          
[31m[1m^[22m[39m
     [90m 240 |[39m     expect(updateCall[[35m0[39m][33m.[39mdata[33m.[
39mfailedLoginAttempts)[33m.[39mtoBe([35m5[39m)[33m;[39m
     [90m 241 |[39m     expect(updateCall[[35m0[39m][33m.[39mdata[33m.[
39mlockedUntil)[33m.[39mtoBeDefined()[33m;[39m
     [90m 242 |[39m   })[33m;[39m[0m

      at Object.<anonymous> (src/__tests__/auth/login.test.ts:239:58)

  ΓùÅ Login Endpoint ΓÇ║ 9. Should reset failed login attempts on successful 
login

    TypeError: Cannot read properties of undefined (reading 'mock')

    [0m [90m 292 |[39m     [36mawait[39m login(mockReq [36mas[39m 
[33mRequest[39m[33m,[39m mockRes [36mas[39m 
[33mResponse[39m)[33m;[39m
     [90m 293 |[39m
    [31m[1m>[22m[39m[90m 294 |[39m     [36mconst[39m updateCall 
[33m=[39m (prisma[33m.[39muser[33m.[39mupdate [36mas[39m jest[33m.[39
m[33mMock[39m)[33m.[39mmock[33m.[39mcalls[[35m0[39m][33m;[39m
     [90m     |[39m                                                          
[31m[1m^[22m[39m
     [90m 295 |[39m     expect(updateCall[[35m0[39m][33m.[39mdata[33m.[
39mfailedLoginAttempts)[33m.[39mtoBe([35m0[39m)[33m;[39m
     [90m 296 |[39m     expect(updateCall[[35m0[39m][33m.[39mdata[33m.[
39mlockedUntil)[33m.[39mtoBe([36mnull[39m)[33m;[39m
     [90m 297 |[39m   })[33m;[39m[0m

      at Object.<anonymous> (src/__tests__/auth/login.test.ts:294:58)

  ΓùÅ Login Endpoint ΓÇ║ 10. Should update lastLogin timestamp on successful 
login

    TypeError: Cannot read properties of undefined (reading 'mock')

    [0m [90m 320 |[39m     [36mconst[39m afterLogin [33m=[39m 
[36mnew[39m [33mDate[39m()[33m;[39m
     [90m 321 |[39m
    [31m[1m>[22m[39m[90m 322 |[39m     [36mconst[39m updateCall 
[33m=[39m (prisma[33m.[39muser[33m.[39mupdate [36mas[39m jest[33m.[39
m[33mMock[39m)[33m.[39mmock[33m.[39mcalls[[35m0[39m][33m;[39m
     [90m     |[39m                                                          
[31m[1m^[22m[39m
     [90m 323 |[39m     [36mconst[39m lastLogin [33m=[39m 
updateCall[[35m0[39m][33m.[39mdata[33m.[39mlastLogin[33m;[39m
     [90m 324 |[39m
     [90m 325 |[39m     expect(lastLogin[33m.[39mgetTime())[33m.[39mtoBeG
reaterThanOrEqual(beforeLogin[33m.[39mgetTime())[33m;[39m[0m

      at Object.<anonymous> (src/__tests__/auth/login.test.ts:322:58)

  ΓùÅ Login Endpoint ΓÇ║ 11. Should return JWT token on successful login

    expect(jest.fn()).toHaveBeenCalledWith(...expected)

    Expected: 1

    Number of calls: 0

    [0m [90m 348 |[39m     [36mawait[39m login(mockReq [36mas[39m 
[33mRequest[39m[33m,[39m mockRes [36mas[39m 
[33mResponse[39m)[33m;[39m
     [90m 349 |[39m
    [31m[1m>[22m[39m[90m 350 |[39m     expect(jwt[33m.[39mgenerateToken
)[33m.[39mtoHaveBeenCalledWith([35m1[39m)[33m;[39m
     [90m     |[39m                               [31m[1m^[22m[39m
     [90m 351 |[39m     expect(jsonMock)[33m.[39mtoHaveBeenCalledWith(
     [90m 352 |[39m       expect[33m.[39mobjectContaining({
     [90m 353 |[39m         data[33m:[39m 
expect[33m.[39mobjectContaining({[0m

      at Object.<anonymous> (src/__tests__/auth/login.test.ts:350:31)

FAIL src/services/__tests__/authService.complete.test.ts (8.73 s)
  ΓùÅ Console

    console.error
      Signup error: TypeError: prisma_1.default.user.update is not a function
          at signup 
(C:\nd\repos\expense-manager\backend\src\controllers\authController.ts:44:34)
          at processTicksAndRejections 
(node:internal/process/task_queues:105:5)
          at Object.<anonymous> (C:\nd\repos\expense-manager\backend\src\servic
es\__tests__\authService.complete.test.ts:409:7)

    [0m [90m 128 |[39m     }
     [90m 129 |[39m
    [31m[1m>[22m[39m[90m 130 |[39m     
console[33m.[39merror([32m'Signup error:'[39m[33m,[39m error)[33m;[39m
     [90m     |[39m             [31m[1m^[22m[39m
     [90m 131 |[39m     res[33m.[39mstatus([35m500[39m)[33m.[39mjson({
     [90m 132 |[39m       success[33m:[39m [36mfalse[39m[33m,[39m
     [90m 133 |[39m       message[33m:[39m [32m'Failed to create 
account'[39m[33m,[39m[0m

      at signup (src/controllers/authController.ts:130:13)
      at Object.<anonymous> 
(src/services/__tests__/authService.complete.test.ts:409:7)

    console.error
      [ERROR] Failed to create verification token {
        error: TypeError: Cannot read properties of undefined (reading 
'create')
            at createVerificationToken (C:\nd\repos\expense-manager\backend\src
\services\emailVerificationService.ts:35:41)
            at signup 
(C:\nd\repos\expense-manager\backend\src\controllers\authController.ts:96:62)
            at processTicksAndRejections 
(node:internal/process/task_queues:105:5)
            at Object.<anonymous> (C:\nd\repos\expense-manager\backend\src\serv
ices\__tests__\authService.complete.test.ts:458:7),
        userId: 1
      }

    [0m [90m 22 |[39m   error(message[33m:[39m string[33m,[39m 
error[33m?[39m[33m:[39m any[33m,[39m context[33m:[39m 
[33mRecord[39m[33m<[39m[33mstring[39m[33m,[39m any[33m>[39m 
[33m=[39m {}) {
     [90m 23 |[39m     [36mif[39m (shouldLog([32m'error'[39m)) {
    [31m[1m>[22m[39m[90m 24 |[39m       
console[33m.[39merror([32m`[ERROR] ${message}`[39m[33m,[39m { 
error[33m,[39m [33m...[39mcontext })[33m;[39m
     [90m    |[39m               [31m[1m^[22m[39m
     [90m 25 |[39m       [90m// In a real app, you might want to send this 
to an error tracking service[39m
     [90m 26 |[39m       [90m// e.g., Sentry.captureException(error, { 
extra: context });[39m
     [90m 27 |[39m     }[0m

      at Object.error (src/utils/logger.ts:24:15)
      at createVerificationToken 
(src/services/emailVerificationService.ts:46:12)
      at signup (src/controllers/authController.ts:96:62)
      at Object.<anonymous> 
(src/services/__tests__/authService.complete.test.ts:458:7)

    console.error
      [ERROR] Failed to send verification email {
        error: AppError: Failed to create verification token
            at createVerificationToken (C:\nd\repos\expense-manager\backend\src
\services\emailVerificationService.ts:47:11)
            at signup 
(C:\nd\repos\expense-manager\backend\src\controllers\authController.ts:96:62)
            at processTicksAndRejections 
(node:internal/process/task_queues:105:5)
            at Object.<anonymous> (C:\nd\repos\expense-manager\backend\src\serv
ices\__tests__\authService.complete.test.ts:458:7) {
          statusCode: 500,
          code: 'TOKEN_CREATION_ERROR',
          messageKey: 'Failed to create verification token',
          details: undefined
        },
        userId: 1
      }

    [0m [90m 22 |[39m   error(message[33m:[39m string[33m,[39m 
error[33m?[39m[33m:[39m any[33m,[39m context[33m:[39m 
[33mRecord[39m[33m<[39m[33mstring[39m[33m,[39m any[33m>[39m 
[33m=[39m {}) {
     [90m 23 |[39m     [36mif[39m (shouldLog([32m'error'[39m)) {
    [31m[1m>[22m[39m[90m 24 |[39m       
console[33m.[39merror([32m`[ERROR] ${message}`[39m[33m,[39m { 
error[33m,[39m [33m...[39mcontext })[33m;[39m
     [90m    |[39m               [31m[1m^[22m[39m
     [90m 25 |[39m       [90m// In a real app, you might want to send this 
to an error tracking service[39m
     [90m 26 |[39m       [90m// e.g., Sentry.captureException(error, { 
extra: context });[39m
     [90m 27 |[39m     }[0m

      at Object.error (src/utils/logger.ts:24:15)
      at signup (src/controllers/authController.ts:100:14)
      at Object.<anonymous> 
(src/services/__tests__/authService.complete.test.ts:458:7)

    console.error
      [ERROR] Failed to create verification token {
        error: TypeError: Cannot read properties of undefined (reading 
'create')
            at createVerificationToken (C:\nd\repos\expense-manager\backend\src
\services\emailVerificationService.ts:35:41)
            at signup 
(C:\nd\repos\expense-manager\backend\src\controllers\authController.ts:96:62)
            at processTicksAndRejections 
(node:internal/process/task_queues:105:5)
            at Object.<anonymous> (C:\nd\repos\expense-manager\backend\src\serv
ices\__tests__\authService.complete.test.ts:485:7),
        userId: 1
      }

    [0m [90m 22 |[39m   error(message[33m:[39m string[33m,[39m 
error[33m?[39m[33m:[39m any[33m,[39m context[33m:[39m 
[33mRecord[39m[33m<[39m[33mstring[39m[33m,[39m any[33m>[39m 
[33m=[39m {}) {
     [90m 23 |[39m     [36mif[39m (shouldLog([32m'error'[39m)) {
    [31m[1m>[22m[39m[90m 24 |[39m       
console[33m.[39merror([32m`[ERROR] ${message}`[39m[33m,[39m { 
error[33m,[39m [33m...[39mcontext })[33m;[39m
     [90m    |[39m               [31m[1m^[22m[39m
     [90m 25 |[39m       [90m// In a real app, you might want to send this 
to an error tracking service[39m
     [90m 26 |[39m       [90m// e.g., Sentry.captureException(error, { 
extra: context });[39m
     [90m 27 |[39m     }[0m

      at Object.error (src/utils/logger.ts:24:15)
      at createVerificationToken 
(src/services/emailVerificationService.ts:46:12)
      at signup (src/controllers/authController.ts:96:62)
      at Object.<anonymous> 
(src/services/__tests__/authService.complete.test.ts:485:7)

    console.error
      [ERROR] Failed to send verification email {
        error: AppError: Failed to create verification token
            at createVerificationToken (C:\nd\repos\expense-manager\backend\src
\services\emailVerificationService.ts:47:11)
            at signup 
(C:\nd\repos\expense-manager\backend\src\controllers\authController.ts:96:62)
            at processTicksAndRejections 
(node:internal/process/task_queues:105:5)
            at Object.<anonymous> (C:\nd\repos\expense-manager\backend\src\serv
ices\__tests__\authService.complete.test.ts:485:7) {
          statusCode: 500,
          code: 'TOKEN_CREATION_ERROR',
          messageKey: 'Failed to create verification token',
          details: undefined
        },
        userId: 1
      }

    [0m [90m 22 |[39m   error(message[33m:[39m string[33m,[39m 
error[33m?[39m[33m:[39m any[33m,[39m context[33m:[39m 
[33mRecord[39m[33m<[39m[33mstring[39m[33m,[39m any[33m>[39m 
[33m=[39m {}) {
     [90m 23 |[39m     [36mif[39m (shouldLog([32m'error'[39m)) {
    [31m[1m>[22m[39m[90m 24 |[39m       
console[33m.[39merror([32m`[ERROR] ${message}`[39m[33m,[39m { 
error[33m,[39m [33m...[39mcontext })[33m;[39m
     [90m    |[39m               [31m[1m^[22m[39m
     [90m 25 |[39m       [90m// In a real app, you might want to send this 
to an error tracking service[39m
     [90m 26 |[39m       [90m// e.g., Sentry.captureException(error, { 
extra: context });[39m
     [90m 27 |[39m     }[0m

      at Object.error (src/utils/logger.ts:24:15)
      at signup (src/controllers/authController.ts:100:14)
      at Object.<anonymous> 
(src/services/__tests__/authService.complete.test.ts:485:7)

  ΓùÅ === AUTH SERVICE COMPLETE TEST SUITE (56 TESTS) === ΓÇ║ JWT HELPER 
UTILITIES ΓÇ║ generateToken() ΓÇ║ TEST 15: Should generate JWT with userId in 
payload

    expect(jest.fn()).toHaveBeenCalledWith(...expected)

    - Expected
    + Received

      {"userId": 42},
    - "test-secret-key",
    + "your-secret-key-change-in-production",
      {"expiresIn": "24h"},

    Number of calls: 1

    [0m [90m 190 |[39m         [36mconst[39m token [33m=[39m 
jwtHelper[33m.[39mgenerateToken([35m42[39m)[33m;[39m
     [90m 191 |[39m
    [31m[1m>[22m[39m[90m 192 |[39m         
expect(jwt[33m.[39msign)[33m.[39mtoHaveBeenCalledWith(
     [90m     |[39m                          [31m[1m^[22m[39m
     [90m 193 |[39m           { userId[33m:[39m [35m42[39m }[33m,[39m
     [90m 194 |[39m           [32m'test-secret-key'[39m[33m,[39m
     [90m 195 |[39m           expect[33m.[39mobjectContaining({ 
expiresIn[33m:[39m [32m'24h'[39m })[0m

      at Object.<anonymous> 
(src/services/__tests__/authService.complete.test.ts:192:26)

  ΓùÅ === AUTH SERVICE COMPLETE TEST SUITE (56 TESTS) === ΓÇ║ JWT HELPER 
UTILITIES ΓÇ║ verifyToken() ΓÇ║ TEST 17: Should verify and decode valid token

    expect(jest.fn()).toHaveBeenCalledWith(...expected)

    Expected: "valid_token", "test-secret-key"
    Received: "valid_token", "your-secret-key-change-in-production"

    Number of calls: 1

    [0m [90m 220 |[39m
     [90m 221 |[39m         
expect(result)[33m.[39mtoEqual(mockDecoded)[33m;[39m
    [31m[1m>[22m[39m[90m 222 |[39m         expect(jwt[33m.[39mverify)[
33m.[39mtoHaveBeenCalledWith([32m'valid_token'[39m[33m,[39m 
[32m'test-secret-key'[39m)[33m;[39m
     [90m     |[39m                            [31m[1m^[22m[39m
     [90m 223 |[39m       })[33m;[39m
     [90m 224 |[39m
     [90m 225 |[39m       it([32m'TEST 18: Should throw error on expired 
token'[39m[33m,[39m () [33m=>[39m {[0m

      at Object.<anonymous> 
(src/services/__tests__/authService.complete.test.ts:222:28)

  ΓùÅ === AUTH SERVICE COMPLETE TEST SUITE (56 TESTS) === ΓÇ║ SIGNUP ENDPOINT 
& VALIDATION ΓÇ║ TEST 35: Should not allow duplicate email (generic error for 
security)

    expect(jest.fn()).toHaveBeenCalledWith(...expected)

    Expected: 409
    Received: 500

    Number of calls: 1

    [0m [90m 409 |[39m       [36mawait[39m signup(req[33m,[39m 
res)[33m;[39m
     [90m 410 |[39m
    [31m[1m>[22m[39m[90m 411 |[39m       expect(res[33m.[39mstatus)[33
m.[39mtoHaveBeenCalledWith([35m409[39m)[33m;[39m
     [90m     |[39m                          [31m[1m^[22m[39m
     [90m 412 |[39m       
expect(res[33m.[39mjson)[33m.[39mtoHaveBeenCalledWith(
     [90m 413 |[39m         expect[33m.[39mobjectContaining({
     [90m 414 |[39m           error[33m:[39m 
[32m'EMAIL_CONFLICT'[39m[33m,[39m[0m

      at Object.<anonymous> 
(src/services/__tests__/authService.complete.test.ts:411:26)

  ΓùÅ === AUTH SERVICE COMPLETE TEST SUITE (56 TESTS) === ΓÇ║ SIGNUP ENDPOINT 
& VALIDATION ΓÇ║ TEST 36: Should reject common password

    expect(jest.fn()).toHaveBeenCalledWith(...expected)

    Expected: ObjectContaining {"error": "WEAK_PASSWORD"}
    Received: {"details": [{"field": "password", "message": "Password must 
contain at least 1 uppercase letter"}, {"field": "password", "message": 
"Password is too common. Please choose a stronger password"}], "error": 
"VALIDATION_ERROR", "message": "Validation failed", "success": false}

    Number of calls: 1

    [0m [90m 435 |[39m
     [90m 436 |[39m       expect(res[33m.[39mstatus)[33m.[39mtoHaveBeenCa
lledWith([35m400[39m)[33m;[39m
    [31m[1m>[22m[39m[90m 437 |[39m       
expect(res[33m.[39mjson)[33m.[39mtoHaveBeenCalledWith(
     [90m     |[39m                        [31m[1m^[22m[39m
     [90m 438 |[39m         expect[33m.[39mobjectContaining({
     [90m 439 |[39m           error[33m:[39m 
[32m'WEAK_PASSWORD'[39m[33m,[39m
     [90m 440 |[39m         })[0m

      at Object.<anonymous> 
(src/services/__tests__/authService.complete.test.ts:437:24)

  ΓùÅ === AUTH SERVICE COMPLETE TEST SUITE (56 TESTS) === ΓÇ║ LOGIN ENDPOINT 
(Brute Force Protection & Account Lockout) ΓÇ║ TEST 40: Should successfully 
login with valid credentials

    expect(jest.fn()).toHaveBeenCalledWith(...expected)

    Expected: 200
    Received: 403

    Number of calls: 1

    [0m [90m 561 |[39m       [36mawait[39m login(req[33m,[39m 
res)[33m;[39m
     [90m 562 |[39m
    [31m[1m>[22m[39m[90m 563 |[39m       expect(res[33m.[39mstatus)[33
m.[39mtoHaveBeenCalledWith([35m200[39m)[33m;[39m
     [90m     |[39m                          [31m[1m^[22m[39m
     [90m 564 |[39m       
expect(res[33m.[39mjson)[33m.[39mtoHaveBeenCalledWith(
     [90m 565 |[39m         expect[33m.[39mobjectContaining({
     [90m 566 |[39m           success[33m:[39m 
[36mtrue[39m[33m,[39m[0m

      at Object.<anonymous> 
(src/services/__tests__/authService.complete.test.ts:563:26)

  ΓùÅ === AUTH SERVICE COMPLETE TEST SUITE (56 TESTS) === ΓÇ║ LOGIN ENDPOINT 
(Brute Force Protection & Account Lockout) ΓÇ║ TEST 41: Should return generic 
error on invalid password (no user enumeration)

    expect(received).toBe(expected) // Object.is equality

    Expected: "Invalid email or password"
    Received: "Please verify your email address before logging in"

    [0m [90m 587 |[39m
     [90m 588 |[39m       [36mconst[39m errorCall [33m=[39m 
(res[33m.[39mjson [36mas[39m jest[33m.[39m[33mMock[39m)[33m.[39mmock
[33m.[39mcalls[[35m0[39m][[35m0[39m][33m;[39m
    [31m[1m>[22m[39m[90m 589 |[39m       
expect(errorCall[33m.[39mmessage)[33m.[39mtoBe([32m'Invalid email or 
password'[39m)[33m;[39m [90m// Generic message[39m
     [90m     |[39m                                 [31m[1m^[22m[39m
     [90m 590 |[39m     })[33m;[39m
     [90m 591 |[39m
     [90m 592 |[39m     it([32m'TEST 42: Should return generic error on 
non-existent user (no user enumeration)'[39m[33m,[39m [36masync[39m () 
[33m=>[39m {[0m

      at Object.<anonymous> 
(src/services/__tests__/authService.complete.test.ts:589:33)

  ΓùÅ === AUTH SERVICE COMPLETE TEST SUITE (56 TESTS) === ΓÇ║ LOGIN ENDPOINT 
(Brute Force Protection & Account Lockout) ΓÇ║ TEST 43: Should lock account 
after 5 failed login attempts

    expect(received).toHaveBeenCalledWith(...expected)

    Matcher error: received value must be a mock or spy function

    Received has value: undefined

    [0m [90m 637 |[39m
     [90m 638 |[39m       [90m// Verify that account was marked as 
locked[39m
    [31m[1m>[22m[39m[90m 639 |[39m       
expect(prisma[33m.[39muser[33m.[39mupdate)[33m.[39mtoHaveBeenCalledWith(
     [90m     |[39m                                  [31m[1m^[22m[39m
     [90m 640 |[39m         expect[33m.[39mobjectContaining({
     [90m 641 |[39m           data[33m:[39m 
expect[33m.[39mobjectContaining({
     [90m 642 |[39m             failedLoginAttempts[33m:[39m 
[35m5[39m[33m,[39m[0m

      at Object.<anonymous> 
(src/services/__tests__/authService.complete.test.ts:639:34)

  ΓùÅ === AUTH SERVICE COMPLETE TEST SUITE (56 TESTS) === ΓÇ║ LOGIN ENDPOINT 
(Brute Force Protection & Account Lockout) ΓÇ║ TEST 44: Should prevent login 
when account is locked

    expect(jest.fn()).toHaveBeenCalledWith(...expected)

    Expected: 429
    Received: 403

    Number of calls: 1

    [0m [90m 671 |[39m       [36mawait[39m login(req[33m,[39m 
res)[33m;[39m
     [90m 672 |[39m
    [31m[1m>[22m[39m[90m 673 |[39m       expect(res[33m.[39mstatus)[33
m.[39mtoHaveBeenCalledWith([35m429[39m)[33m;[39m [90m// Rate limit 
status[39m
     [90m     |[39m                          [31m[1m^[22m[39m
     [90m 674 |[39m       
expect(res[33m.[39mjson)[33m.[39mtoHaveBeenCalledWith(
     [90m 675 |[39m         expect[33m.[39mobjectContaining({
     [90m 676 |[39m           error[33m:[39m 
[32m'ACCOUNT_LOCKED'[39m[33m,[39m[0m

      at Object.<anonymous> 
(src/services/__tests__/authService.complete.test.ts:673:26)

  ΓùÅ === AUTH SERVICE COMPLETE TEST SUITE (56 TESTS) === ΓÇ║ LOGIN ENDPOINT 
(Brute Force Protection & Account Lockout) ΓÇ║ TEST 45: Should allow login 
when lockout period expires

    expect(jest.fn()).toHaveBeenCalledWith(...expected)

    Expected: 200
    Received: 403

    Number of calls: 1

    [0m [90m 705 |[39m       [36mawait[39m login(req[33m,[39m 
res)[33m;[39m
     [90m 706 |[39m
    [31m[1m>[22m[39m[90m 707 |[39m       expect(res[33m.[39mstatus)[33
m.[39mtoHaveBeenCalledWith([35m200[39m)[33m;[39m [90m// Login 
allowed[39m
     [90m     |[39m                          [31m[1m^[22m[39m
     [90m 708 |[39m     })[33m;[39m
     [90m 709 |[39m
     [90m 710 |[39m     it([32m'TEST 46: Should reset failed attempts on 
successful login'[39m[33m,[39m [36masync[39m () [33m=>[39m {[0m

      at Object.<anonymous> 
(src/services/__tests__/authService.complete.test.ts:707:26)

  ΓùÅ === AUTH SERVICE COMPLETE TEST SUITE (56 TESTS) === ΓÇ║ LOGIN ENDPOINT 
(Brute Force Protection & Account Lockout) ΓÇ║ TEST 46: Should reset failed 
attempts on successful login

    expect(received).toHaveBeenCalledWith(...expected)

    Matcher error: received value must be a mock or spy function

    Received has value: undefined

    [0m [90m 733 |[39m
     [90m 734 |[39m       [90m// Verify failed attempts were reset to 0[39m
    [31m[1m>[22m[39m[90m 735 |[39m       
expect(prisma[33m.[39muser[33m.[39mupdate)[33m.[39mtoHaveBeenCalledWith(
     [90m     |[39m                                  [31m[1m^[22m[39m
     [90m 736 |[39m         expect[33m.[39mobjectContaining({
     [90m 737 |[39m           data[33m:[39m 
expect[33m.[39mobjectContaining({
     [90m 738 |[39m             failedLoginAttempts[33m:[39m 
[35m0[39m[33m,[39m[0m

      at Object.<anonymous> 
(src/services/__tests__/authService.complete.test.ts:735:34)

  ΓùÅ === AUTH SERVICE COMPLETE TEST SUITE (56 TESTS) === ΓÇ║ LOGIN ENDPOINT 
(Brute Force Protection & Account Lockout) ΓÇ║ TEST 47: Should update 
lastLogin on successful authentication

    expect(received).toHaveBeenCalledWith(...expected)

    Matcher error: received value must be a mock or spy function

    Received has value: undefined

    [0m [90m 757 |[39m       [36mawait[39m login(req[33m,[39m 
res)[33m;[39m
     [90m 758 |[39m
    [31m[1m>[22m[39m[90m 759 |[39m       
expect(prisma[33m.[39muser[33m.[39mupdate)[33m.[39mtoHaveBeenCalledWith(
     [90m     |[39m                                  [31m[1m^[22m[39m
     [90m 760 |[39m         expect[33m.[39mobjectContaining({
     [90m 761 |[39m           data[33m:[39m 
expect[33m.[39mobjectContaining({
     [90m 762 |[39m             lastLogin[33m:[39m 
expect[33m.[39many([33mDate[39m)[33m,[39m[0m

      at Object.<anonymous> 
(src/services/__tests__/authService.complete.test.ts:759:34)

  ΓùÅ === AUTH SERVICE COMPLETE TEST SUITE (56 TESTS) === ΓÇ║ LOGIN ENDPOINT 
(Brute Force Protection & Account Lockout) ΓÇ║ TEST 48: Should return 403 when 
account is deactivated

    expect(jest.fn()).toHaveBeenCalledWith(...expected)

    Expected: ObjectContaining {"error": "ACCOUNT_INACTIVE"}
    Received: {"error": "EMAIL_NOT_VERIFIED", "message": "Please verify your 
email address before logging in", "success": false}

    Number of calls: 1

    [0m [90m 789 |[39m
     [90m 790 |[39m       expect(res[33m.[39mstatus)[33m.[39mtoHaveBeenCa
lledWith([35m403[39m)[33m;[39m
    [31m[1m>[22m[39m[90m 791 |[39m       
expect(res[33m.[39mjson)[33m.[39mtoHaveBeenCalledWith(
     [90m     |[39m                        [31m[1m^[22m[39m
     [90m 792 |[39m         expect[33m.[39mobjectContaining({
     [90m 793 |[39m           error[33m:[39m 
[32m'ACCOUNT_INACTIVE'[39m[33m,[39m
     [90m 794 |[39m         })[0m

      at Object.<anonymous> 
(src/services/__tests__/authService.complete.test.ts:791:24)

  ΓùÅ === AUTH SERVICE COMPLETE TEST SUITE (56 TESTS) === ΓÇ║ LOGIN ENDPOINT 
(Brute Force Protection & Account Lockout) ΓÇ║ TEST 53: Should increment 
failed attempts on invalid password

    expect(received).toHaveBeenCalledWith(...expected)

    Matcher error: received value must be a mock or spy function

    Received has value: undefined

    [0m [90m 870 |[39m
     [90m 871 |[39m       [90m// Should increment from 2 to 3[39m
    [31m[1m>[22m[39m[90m 872 |[39m       
expect(prisma[33m.[39muser[33m.[39mupdate)[33m.[39mtoHaveBeenCalledWith(
     [90m     |[39m                                  [31m[1m^[22m[39m
     [90m 873 |[39m         expect[33m.[39mobjectContaining({
     [90m 874 |[39m           data[33m:[39m 
expect[33m.[39mobjectContaining({
     [90m 875 |[39m             failedLoginAttempts[33m:[39m 
[35m3[39m[33m,[39m[0m

      at Object.<anonymous> 
(src/services/__tests__/authService.complete.test.ts:872:34)

FAIL src/__tests__/auth/signup.test.ts (8.89 s)
  ΓùÅ Console

    console.error
      [ERROR] Failed to create verification token {
        error: TypeError: Cannot read properties of undefined (reading 
'create')
            at createVerificationToken (C:\nd\repos\expense-manager\backend\src
\services\emailVerificationService.ts:35:41)
            at signup 
(C:\nd\repos\expense-manager\backend\src\controllers\authController.ts:96:62)
            at Object.<anonymous> 
(C:\nd\repos\expense-manager\backend\src\__tests__\auth\signup.test.ts:59:5),
        userId: 1
      }

    [0m [90m 22 |[39m   error(message[33m:[39m string[33m,[39m 
error[33m?[39m[33m:[39m any[33m,[39m context[33m:[39m 
[33mRecord[39m[33m<[39m[33mstring[39m[33m,[39m any[33m>[39m 
[33m=[39m {}) {
     [90m 23 |[39m     [36mif[39m (shouldLog([32m'error'[39m)) {
    [31m[1m>[22m[39m[90m 24 |[39m       
console[33m.[39merror([32m`[ERROR] ${message}`[39m[33m,[39m { 
error[33m,[39m [33m...[39mcontext })[33m;[39m
     [90m    |[39m               [31m[1m^[22m[39m
     [90m 25 |[39m       [90m// In a real app, you might want to send this 
to an error tracking service[39m
     [90m 26 |[39m       [90m// e.g., Sentry.captureException(error, { 
extra: context });[39m
     [90m 27 |[39m     }[0m

      at Object.error (src/utils/logger.ts:24:15)
      at createVerificationToken 
(src/services/emailVerificationService.ts:46:12)
      at signup (src/controllers/authController.ts:96:62)
      at Object.<anonymous> (src/__tests__/auth/signup.test.ts:59:5)

    console.error
      [ERROR] Failed to send verification email {
        error: AppError: Failed to create verification token
            at createVerificationToken (C:\nd\repos\expense-manager\backend\src
\services\emailVerificationService.ts:47:11)
            at signup 
(C:\nd\repos\expense-manager\backend\src\controllers\authController.ts:96:62)
            at Object.<anonymous> 
(C:\nd\repos\expense-manager\backend\src\__tests__\auth\signup.test.ts:59:5) {
          statusCode: 500,
          code: 'TOKEN_CREATION_ERROR',
          messageKey: 'Failed to create verification token',
          details: undefined
        },
        userId: 1
      }

    [0m [90m 22 |[39m   error(message[33m:[39m string[33m,[39m 
error[33m?[39m[33m:[39m any[33m,[39m context[33m:[39m 
[33mRecord[39m[33m<[39m[33mstring[39m[33m,[39m any[33m>[39m 
[33m=[39m {}) {
     [90m 23 |[39m     [36mif[39m (shouldLog([32m'error'[39m)) {
    [31m[1m>[22m[39m[90m 24 |[39m       
console[33m.[39merror([32m`[ERROR] ${message}`[39m[33m,[39m { 
error[33m,[39m [33m...[39mcontext })[33m;[39m
     [90m    |[39m               [31m[1m^[22m[39m
     [90m 25 |[39m       [90m// In a real app, you might want to send this 
to an error tracking service[39m
     [90m 26 |[39m       [90m// e.g., Sentry.captureException(error, { 
extra: context });[39m
     [90m 27 |[39m     }[0m

      at Object.error (src/utils/logger.ts:24:15)
      at signup (src/controllers/authController.ts:100:14)
      at Object.<anonymous> (src/__tests__/auth/signup.test.ts:59:5)

    console.error
      Signup error: TypeError: prisma_1.default.user.update is not a function
          at signup 
(C:\nd\repos\expense-manager\backend\src\controllers\authController.ts:44:34)
          at Object.<anonymous> 
(C:\nd\repos\expense-manager\backend\src\__tests__\auth\signup.test.ts:128:5)

    [0m [90m 128 |[39m     }
     [90m 129 |[39m
    [31m[1m>[22m[39m[90m 130 |[39m     
console[33m.[39merror([32m'Signup error:'[39m[33m,[39m error)[33m;[39m
     [90m     |[39m             [31m[1m^[22m[39m
     [90m 131 |[39m     res[33m.[39mstatus([35m500[39m)[33m.[39mjson({
     [90m 132 |[39m       success[33m:[39m [36mfalse[39m[33m,[39m
     [90m 133 |[39m       message[33m:[39m [32m'Failed to create 
account'[39m[33m,[39m[0m

      at signup (src/controllers/authController.ts:130:13)
      at Object.<anonymous> (src/__tests__/auth/signup.test.ts:128:5)

    console.error
      [ERROR] Failed to create verification token {
        error: TypeError: Cannot read properties of undefined (reading 
'create')
            at createVerificationToken (C:\nd\repos\expense-manager\backend\src
\services\emailVerificationService.ts:35:41)
            at signup 
(C:\nd\repos\expense-manager\backend\src\controllers\authController.ts:96:62)
            at Object.<anonymous> 
(C:\nd\repos\expense-manager\backend\src\__tests__\auth\signup.test.ts:154:5),
        userId: 1
      }

    [0m [90m 22 |[39m   error(message[33m:[39m string[33m,[39m 
error[33m?[39m[33m:[39m any[33m,[39m context[33m:[39m 
[33mRecord[39m[33m<[39m[33mstring[39m[33m,[39m any[33m>[39m 
[33m=[39m {}) {
     [90m 23 |[39m     [36mif[39m (shouldLog([32m'error'[39m)) {
    [31m[1m>[22m[39m[90m 24 |[39m       
console[33m.[39merror([32m`[ERROR] ${message}`[39m[33m,[39m { 
error[33m,[39m [33m...[39mcontext })[33m;[39m
     [90m    |[39m               [31m[1m^[22m[39m
     [90m 25 |[39m       [90m// In a real app, you might want to send this 
to an error tracking service[39m
     [90m 26 |[39m       [90m// e.g., Sentry.captureException(error, { 
extra: context });[39m
     [90m 27 |[39m     }[0m

      at Object.error (src/utils/logger.ts:24:15)
      at createVerificationToken 
(src/services/emailVerificationService.ts:46:12)
      at signup (src/controllers/authController.ts:96:62)
      at Object.<anonymous> (src/__tests__/auth/signup.test.ts:154:5)

    console.error
      [ERROR] Failed to send verification email {
        error: AppError: Failed to create verification token
            at createVerificationToken (C:\nd\repos\expense-manager\backend\src
\services\emailVerificationService.ts:47:11)
            at signup 
(C:\nd\repos\expense-manager\backend\src\controllers\authController.ts:96:62)
            at Object.<anonymous> 
(C:\nd\repos\expense-manager\backend\src\__tests__\auth\signup.test.ts:154:5) {
          statusCode: 500,
          code: 'TOKEN_CREATION_ERROR',
          messageKey: 'Failed to create verification token',
          details: undefined
        },
        userId: 1
      }

    [0m [90m 22 |[39m   error(message[33m:[39m string[33m,[39m 
error[33m?[39m[33m:[39m any[33m,[39m context[33m:[39m 
[33mRecord[39m[33m<[39m[33mstring[39m[33m,[39m any[33m>[39m 
[33m=[39m {}) {
     [90m 23 |[39m     [36mif[39m (shouldLog([32m'error'[39m)) {
    [31m[1m>[22m[39m[90m 24 |[39m       
console[33m.[39merror([32m`[ERROR] ${message}`[39m[33m,[39m { 
error[33m,[39m [33m...[39mcontext })[33m;[39m
     [90m    |[39m               [31m[1m^[22m[39m
     [90m 25 |[39m       [90m// In a real app, you might want to send this 
to an error tracking service[39m
     [90m 26 |[39m       [90m// e.g., Sentry.captureException(error, { 
extra: context });[39m
     [90m 27 |[39m     }[0m

      at Object.error (src/utils/logger.ts:24:15)
      at signup (src/controllers/authController.ts:100:14)
      at Object.<anonymous> (src/__tests__/auth/signup.test.ts:154:5)

    console.error
      [ERROR] Failed to create verification token {
        error: TypeError: Cannot read properties of undefined (reading 
'create')
            at createVerificationToken (C:\nd\repos\expense-manager\backend\src
\services\emailVerificationService.ts:35:41)
            at signup 
(C:\nd\repos\expense-manager\backend\src\controllers\authController.ts:96:62)
            at Object.<anonymous> 
(C:\nd\repos\expense-manager\backend\src\__tests__\auth\signup.test.ts:242:5),
        userId: 1
      }

    [0m [90m 22 |[39m   error(message[33m:[39m string[33m,[39m 
error[33m?[39m[33m:[39m any[33m,[39m context[33m:[39m 
[33mRecord[39m[33m<[39m[33mstring[39m[33m,[39m any[33m>[39m 
[33m=[39m {}) {
     [90m 23 |[39m     [36mif[39m (shouldLog([32m'error'[39m)) {
    [31m[1m>[22m[39m[90m 24 |[39m       
console[33m.[39merror([32m`[ERROR] ${message}`[39m[33m,[39m { 
error[33m,[39m [33m...[39mcontext })[33m;[39m
     [90m    |[39m               [31m[1m^[22m[39m
     [90m 25 |[39m       [90m// In a real app, you might want to send this 
to an error tracking service[39m
     [90m 26 |[39m       [90m// e.g., Sentry.captureException(error, { 
extra: context });[39m
     [90m 27 |[39m     }[0m

      at Object.error (src/utils/logger.ts:24:15)
      at createVerificationToken 
(src/services/emailVerificationService.ts:46:12)
      at signup (src/controllers/authController.ts:96:62)
      at Object.<anonymous> (src/__tests__/auth/signup.test.ts:242:5)

    console.error
      [ERROR] Failed to send verification email {
        error: AppError: Failed to create verification token
            at createVerificationToken (C:\nd\repos\expense-manager\backend\src
\services\emailVerificationService.ts:47:11)
            at signup 
(C:\nd\repos\expense-manager\backend\src\controllers\authController.ts:96:62)
            at Object.<anonymous> 
(C:\nd\repos\expense-manager\backend\src\__tests__\auth\signup.test.ts:242:5) {
          statusCode: 500,
          code: 'TOKEN_CREATION_ERROR',
          messageKey: 'Failed to create verification token',
          details: undefined
        },
        userId: 1
      }

    [0m [90m 22 |[39m   error(message[33m:[39m string[33m,[39m 
error[33m?[39m[33m:[39m any[33m,[39m context[33m:[39m 
[33mRecord[39m[33m<[39m[33mstring[39m[33m,[39m any[33m>[39m 
[33m=[39m {}) {
     [90m 23 |[39m     [36mif[39m (shouldLog([32m'error'[39m)) {
    [31m[1m>[22m[39m[90m 24 |[39m       
console[33m.[39merror([32m`[ERROR] ${message}`[39m[33m,[39m { 
error[33m,[39m [33m...[39mcontext })[33m;[39m
     [90m    |[39m               [31m[1m^[22m[39m
     [90m 25 |[39m       [90m// In a real app, you might want to send this 
to an error tracking service[39m
     [90m 26 |[39m       [90m// e.g., Sentry.captureException(error, { 
extra: context });[39m
     [90m 27 |[39m     }[0m

      at Object.error (src/utils/logger.ts:24:15)
      at signup (src/controllers/authController.ts:100:14)
      at Object.<anonymous> (src/__tests__/auth/signup.test.ts:242:5)

    console.error
      [ERROR] Failed to create verification token {
        error: TypeError: Cannot read properties of undefined (reading 
'create')
            at createVerificationToken (C:\nd\repos\expense-manager\backend\src
\services\emailVerificationService.ts:35:41)
            at signup 
(C:\nd\repos\expense-manager\backend\src\controllers\authController.ts:96:62)
            at Object.<anonymous> 
(C:\nd\repos\expense-manager\backend\src\__tests__\auth\signup.test.ts:296:5),
        userId: 1
      }

    [0m [90m 22 |[39m   error(message[33m:[39m string[33m,[39m 
error[33m?[39m[33m:[39m any[33m,[39m context[33m:[39m 
[33mRecord[39m[33m<[39m[33mstring[39m[33m,[39m any[33m>[39m 
[33m=[39m {}) {
     [90m 23 |[39m     [36mif[39m (shouldLog([32m'error'[39m)) {
    [31m[1m>[22m[39m[90m 24 |[39m       
console[33m.[39merror([32m`[ERROR] ${message}`[39m[33m,[39m { 
error[33m,[39m [33m...[39mcontext })[33m;[39m
     [90m    |[39m               [31m[1m^[22m[39m
     [90m 25 |[39m       [90m// In a real app, you might want to send this 
to an error tracking service[39m
     [90m 26 |[39m       [90m// e.g., Sentry.captureException(error, { 
extra: context });[39m
     [90m 27 |[39m     }[0m

      at Object.error (src/utils/logger.ts:24:15)
      at createVerificationToken 
(src/services/emailVerificationService.ts:46:12)
      at signup (src/controllers/authController.ts:96:62)
      at Object.<anonymous> (src/__tests__/auth/signup.test.ts:296:5)

    console.error
      [ERROR] Failed to send verification email {
        error: AppError: Failed to create verification token
            at createVerificationToken (C:\nd\repos\expense-manager\backend\src
\services\emailVerificationService.ts:47:11)
            at signup 
(C:\nd\repos\expense-manager\backend\src\controllers\authController.ts:96:62)
            at Object.<anonymous> 
(C:\nd\repos\expense-manager\backend\src\__tests__\auth\signup.test.ts:296:5) {
          statusCode: 500,
          code: 'TOKEN_CREATION_ERROR',
          messageKey: 'Failed to create verification token',
          details: undefined
        },
        userId: 1
      }

    [0m [90m 22 |[39m   error(message[33m:[39m string[33m,[39m 
error[33m?[39m[33m:[39m any[33m,[39m context[33m:[39m 
[33mRecord[39m[33m<[39m[33mstring[39m[33m,[39m any[33m>[39m 
[33m=[39m {}) {
     [90m 23 |[39m     [36mif[39m (shouldLog([32m'error'[39m)) {
    [31m[1m>[22m[39m[90m 24 |[39m       
console[33m.[39merror([32m`[ERROR] ${message}`[39m[33m,[39m { 
error[33m,[39m [33m...[39mcontext })[33m;[39m
     [90m    |[39m               [31m[1m^[22m[39m
     [90m 25 |[39m       [90m// In a real app, you might want to send this 
to an error tracking service[39m
     [90m 26 |[39m       [90m// e.g., Sentry.captureException(error, { 
extra: context });[39m
     [90m 27 |[39m     }[0m

      at Object.error (src/utils/logger.ts:24:15)
      at signup (src/controllers/authController.ts:100:14)
      at Object.<anonymous> (src/__tests__/auth/signup.test.ts:296:5)

    console.error
      [ERROR] Failed to create verification token {
        error: TypeError: Cannot read properties of undefined (reading 
'create')
            at createVerificationToken (C:\nd\repos\expense-manager\backend\src
\services\emailVerificationService.ts:35:41)
            at signup 
(C:\nd\repos\expense-manager\backend\src\controllers\authController.ts:96:62)
            at Object.<anonymous> 
(C:\nd\repos\expense-manager\backend\src\__tests__\auth\signup.test.ts:318:5),
        userId: 1
      }

    [0m [90m 22 |[39m   error(message[33m:[39m string[33m,[39m 
error[33m?[39m[33m:[39m any[33m,[39m context[33m:[39m 
[33mRecord[39m[33m<[39m[33mstring[39m[33m,[39m any[33m>[39m 
[33m=[39m {}) {
     [90m 23 |[39m     [36mif[39m (shouldLog([32m'error'[39m)) {
    [31m[1m>[22m[39m[90m 24 |[39m       
console[33m.[39merror([32m`[ERROR] ${message}`[39m[33m,[39m { 
error[33m,[39m [33m...[39mcontext })[33m;[39m
     [90m    |[39m               [31m[1m^[22m[39m
     [90m 25 |[39m       [90m// In a real app, you might want to send this 
to an error tracking service[39m
     [90m 26 |[39m       [90m// e.g., Sentry.captureException(error, { 
extra: context });[39m
     [90m 27 |[39m     }[0m

      at Object.error (src/utils/logger.ts:24:15)
      at createVerificationToken 
(src/services/emailVerificationService.ts:46:12)
      at signup (src/controllers/authController.ts:96:62)
      at Object.<anonymous> (src/__tests__/auth/signup.test.ts:318:5)

    console.error
      [ERROR] Failed to send verification email {
        error: AppError: Failed to create verification token
            at createVerificationToken (C:\nd\repos\expense-manager\backend\src
\services\emailVerificationService.ts:47:11)
            at signup 
(C:\nd\repos\expense-manager\backend\src\controllers\authController.ts:96:62)
            at Object.<anonymous> 
(C:\nd\repos\expense-manager\backend\src\__tests__\auth\signup.test.ts:318:5) {
          statusCode: 500,
          code: 'TOKEN_CREATION_ERROR',
          messageKey: 'Failed to create verification token',
          details: undefined
        },
        userId: 1
      }

    [0m [90m 22 |[39m   error(message[33m:[39m string[33m,[39m 
error[33m?[39m[33m:[39m any[33m,[39m context[33m:[39m 
[33mRecord[39m[33m<[39m[33mstring[39m[33m,[39m any[33m>[39m 
[33m=[39m {}) {
     [90m 23 |[39m     [36mif[39m (shouldLog([32m'error'[39m)) {
    [31m[1m>[22m[39m[90m 24 |[39m       
console[33m.[39merror([32m`[ERROR] ${message}`[39m[33m,[39m { 
error[33m,[39m [33m...[39mcontext })[33m;[39m
     [90m    |[39m               [31m[1m^[22m[39m
     [90m 25 |[39m       [90m// In a real app, you might want to send this 
to an error tracking service[39m
     [90m 26 |[39m       [90m// e.g., Sentry.captureException(error, { 
extra: context });[39m
     [90m 27 |[39m     }[0m

      at Object.error (src/utils/logger.ts:24:15)
      at signup (src/controllers/authController.ts:100:14)
      at Object.<anonymous> (src/__tests__/auth/signup.test.ts:318:5)

  ΓùÅ Signup Endpoint ΓÇ║ 1. Should successfully create user with valid data

    expect(jest.fn()).toHaveBeenCalledWith(...expected)

    Expected: ObjectContaining {"data": ObjectContaining {"token": 
"valid.jwt.token", "user": ObjectContaining {"email": "user@example.com", 
"id": 1, "name": "John Doe"}}, "message": "Account created successfully", 
"success": true}
    Received: {"data": {"token": "valid.jwt.token", "user": {"email": 
"user@example.com", "id": 1, "name": "John Doe"}}, "message": "Account created 
successfully. Please check your email to verify your account.", "success": 
true}

    Number of calls: 1

    [0m [90m 60 |[39m
     [90m 61 |[39m     
expect(statusMock)[33m.[39mtoHaveBeenCalledWith([35m201[39m)[33m;[39m
    [31m[1m>[22m[39m[90m 62 |[39m     
expect(jsonMock)[33m.[39mtoHaveBeenCalledWith(
     [90m    |[39m                      [31m[1m^[22m[39m
     [90m 63 |[39m       expect[33m.[39mobjectContaining({
     [90m 64 |[39m         success[33m:[39m [36mtrue[39m[33m,[39m
     [90m 65 |[39m         message[33m:[39m [32m'Account created 
successfully'[39m[33m,[39m[0m

      at Object.<anonymous> (src/__tests__/auth/signup.test.ts:62:22)

  ΓùÅ Signup Endpoint ΓÇ║ 4. Should reject duplicate email

    expect(jest.fn()).toHaveBeenCalledWith(...expected)

    Expected: 409
    Received: 500

    Number of calls: 1

    [0m [90m 128 |[39m     [36mawait[39m signup(mockReq [36mas[39m 
[33mRequest[39m[33m,[39m mockRes [36mas[39m 
[33mResponse[39m)[33m;[39m
     [90m 129 |[39m
    [31m[1m>[22m[39m[90m 130 |[39m     
expect(statusMock)[33m.[39mtoHaveBeenCalledWith([35m409[39m)[33m;[39m
     [90m     |[39m                        [31m[1m^[22m[39m
     [90m 131 |[39m     expect(jsonMock)[33m.[39mtoHaveBeenCalledWith(
     [90m 132 |[39m       expect[33m.[39mobjectContaining({
     [90m 133 |[39m         success[33m:[39m [36mfalse[39m[33m,[39m[0m

      at Object.<anonymous> (src/__tests__/auth/signup.test.ts:130:24)

  ΓùÅ Signup Endpoint ΓÇ║ 11. Should reject common password

    expect(jest.fn()).toHaveBeenCalledWith(...expected)

    Expected: 400
    Received: 201

    Number of calls: 1

    [0m [90m 242 |[39m     [36mawait[39m signup(mockReq [36mas[39m 
[33mRequest[39m[33m,[39m mockRes [36mas[39m 
[33mResponse[39m)[33m;[39m
     [90m 243 |[39m
    [31m[1m>[22m[39m[90m 244 |[39m     
expect(statusMock)[33m.[39mtoHaveBeenCalledWith([35m400[39m)[33m;[39m
     [90m     |[39m                        [31m[1m^[22m[39m
     [90m 245 |[39m     expect(jsonMock)[33m.[39mtoHaveBeenCalledWith(
     [90m 246 |[39m       expect[33m.[39mobjectContaining({
     [90m 247 |[39m         success[33m:[39m [36mfalse[39m[33m,[39m[0m

      at Object.<anonymous> (src/__tests__/auth/signup.test.ts:244:24)

Test Suites: 7 failed, 4 passed, 11 total
Tests:       48 failed, 2 skipped, 187 passed, 237 total
Snapshots:   0 total
Time:        14.834 s
Ran all test suites.
